Archive member included to satisfy reference by file (symbol)

c:/st/stm32cubeide_1.12.0/stm32cubeide/plugins/com.st.stm32cube.ide.mcu.externaltools.gnu-tools-for-stm32.10.3-2021.10.win32_1.0.200.202301161003/tools/bin/../lib/gcc/arm-none-eabi/10.3.1/../../../../arm-none-eabi/lib/thumb/v7e-m+fp/hard\libc_nano.a(lib_a-errno.o)
                              ./Src/syscalls.o (__errno)
c:/st/stm32cubeide_1.12.0/stm32cubeide/plugins/com.st.stm32cube.ide.mcu.externaltools.gnu-tools-for-stm32.10.3-2021.10.win32_1.0.200.202301161003/tools/bin/../lib/gcc/arm-none-eabi/10.3.1/../../../../arm-none-eabi/lib/thumb/v7e-m+fp/hard\libc_nano.a(lib_a-exit.o)
                              c:/st/stm32cubeide_1.12.0/stm32cubeide/plugins/com.st.stm32cube.ide.mcu.externaltools.gnu-tools-for-stm32.10.3-2021.10.win32_1.0.200.202301161003/tools/bin/../lib/gcc/arm-none-eabi/10.3.1/../../../../arm-none-eabi/lib/thumb/v7e-m+fp/hard/crt0.o (exit)
c:/st/stm32cubeide_1.12.0/stm32cubeide/plugins/com.st.stm32cube.ide.mcu.externaltools.gnu-tools-for-stm32.10.3-2021.10.win32_1.0.200.202301161003/tools/bin/../lib/gcc/arm-none-eabi/10.3.1/../../../../arm-none-eabi/lib/thumb/v7e-m+fp/hard\libc_nano.a(lib_a-impure.o)
                              c:/st/stm32cubeide_1.12.0/stm32cubeide/plugins/com.st.stm32cube.ide.mcu.externaltools.gnu-tools-for-stm32.10.3-2021.10.win32_1.0.200.202301161003/tools/bin/../lib/gcc/arm-none-eabi/10.3.1/../../../../arm-none-eabi/lib/thumb/v7e-m+fp/hard\libc_nano.a(lib_a-exit.o) (_global_impure_ptr)
c:/st/stm32cubeide_1.12.0/stm32cubeide/plugins/com.st.stm32cube.ide.mcu.externaltools.gnu-tools-for-stm32.10.3-2021.10.win32_1.0.200.202301161003/tools/bin/../lib/gcc/arm-none-eabi/10.3.1/../../../../arm-none-eabi/lib/thumb/v7e-m+fp/hard\libc_nano.a(lib_a-init.o)
                              c:/st/stm32cubeide_1.12.0/stm32cubeide/plugins/com.st.stm32cube.ide.mcu.externaltools.gnu-tools-for-stm32.10.3-2021.10.win32_1.0.200.202301161003/tools/bin/../lib/gcc/arm-none-eabi/10.3.1/../../../../arm-none-eabi/lib/thumb/v7e-m+fp/hard/crt0.o (__libc_init_array)
c:/st/stm32cubeide_1.12.0/stm32cubeide/plugins/com.st.stm32cube.ide.mcu.externaltools.gnu-tools-for-stm32.10.3-2021.10.win32_1.0.200.202301161003/tools/bin/../lib/gcc/arm-none-eabi/10.3.1/../../../../arm-none-eabi/lib/thumb/v7e-m+fp/hard\libc_nano.a(lib_a-memset.o)
                              c:/st/stm32cubeide_1.12.0/stm32cubeide/plugins/com.st.stm32cube.ide.mcu.externaltools.gnu-tools-for-stm32.10.3-2021.10.win32_1.0.200.202301161003/tools/bin/../lib/gcc/arm-none-eabi/10.3.1/../../../../arm-none-eabi/lib/thumb/v7e-m+fp/hard/crt0.o (memset)
c:/st/stm32cubeide_1.12.0/stm32cubeide/plugins/com.st.stm32cube.ide.mcu.externaltools.gnu-tools-for-stm32.10.3-2021.10.win32_1.0.200.202301161003/tools/bin/../lib/gcc/arm-none-eabi/10.3.1/thumb/v7e-m+fp/hard\libgcc.a(_arm_muldf3.o)
                              ./Src/main.o (__aeabi_dmul)
c:/st/stm32cubeide_1.12.0/stm32cubeide/plugins/com.st.stm32cube.ide.mcu.externaltools.gnu-tools-for-stm32.10.3-2021.10.win32_1.0.200.202301161003/tools/bin/../lib/gcc/arm-none-eabi/10.3.1/thumb/v7e-m+fp/hard\libgcc.a(_arm_addsubdf3.o)
                              ./Src/main.o (__aeabi_i2d)

Discarded input sections

 .text          0x0000000000000000        0x0 c:/st/stm32cubeide_1.12.0/stm32cubeide/plugins/com.st.stm32cube.ide.mcu.externaltools.gnu-tools-for-stm32.10.3-2021.10.win32_1.0.200.202301161003/tools/bin/../lib/gcc/arm-none-eabi/10.3.1/thumb/v7e-m+fp/hard/crti.o
 .data          0x0000000000000000        0x0 c:/st/stm32cubeide_1.12.0/stm32cubeide/plugins/com.st.stm32cube.ide.mcu.externaltools.gnu-tools-for-stm32.10.3-2021.10.win32_1.0.200.202301161003/tools/bin/../lib/gcc/arm-none-eabi/10.3.1/thumb/v7e-m+fp/hard/crti.o
 .bss           0x0000000000000000        0x0 c:/st/stm32cubeide_1.12.0/stm32cubeide/plugins/com.st.stm32cube.ide.mcu.externaltools.gnu-tools-for-stm32.10.3-2021.10.win32_1.0.200.202301161003/tools/bin/../lib/gcc/arm-none-eabi/10.3.1/thumb/v7e-m+fp/hard/crti.o
 .data          0x0000000000000000        0x4 c:/st/stm32cubeide_1.12.0/stm32cubeide/plugins/com.st.stm32cube.ide.mcu.externaltools.gnu-tools-for-stm32.10.3-2021.10.win32_1.0.200.202301161003/tools/bin/../lib/gcc/arm-none-eabi/10.3.1/thumb/v7e-m+fp/hard/crtbegin.o
 .rodata        0x0000000000000000       0x24 c:/st/stm32cubeide_1.12.0/stm32cubeide/plugins/com.st.stm32cube.ide.mcu.externaltools.gnu-tools-for-stm32.10.3-2021.10.win32_1.0.200.202301161003/tools/bin/../lib/gcc/arm-none-eabi/10.3.1/thumb/v7e-m+fp/hard/crtbegin.o
 .text          0x0000000000000000       0x7c c:/st/stm32cubeide_1.12.0/stm32cubeide/plugins/com.st.stm32cube.ide.mcu.externaltools.gnu-tools-for-stm32.10.3-2021.10.win32_1.0.200.202301161003/tools/bin/../lib/gcc/arm-none-eabi/10.3.1/../../../../arm-none-eabi/lib/thumb/v7e-m+fp/hard/crt0.o
 .data          0x0000000000000000        0x0 c:/st/stm32cubeide_1.12.0/stm32cubeide/plugins/com.st.stm32cube.ide.mcu.externaltools.gnu-tools-for-stm32.10.3-2021.10.win32_1.0.200.202301161003/tools/bin/../lib/gcc/arm-none-eabi/10.3.1/../../../../arm-none-eabi/lib/thumb/v7e-m+fp/hard/crt0.o
 .bss           0x0000000000000000        0x0 c:/st/stm32cubeide_1.12.0/stm32cubeide/plugins/com.st.stm32cube.ide.mcu.externaltools.gnu-tools-for-stm32.10.3-2021.10.win32_1.0.200.202301161003/tools/bin/../lib/gcc/arm-none-eabi/10.3.1/../../../../arm-none-eabi/lib/thumb/v7e-m+fp/hard/crt0.o
 .ARM.extab     0x0000000000000000        0x0 c:/st/stm32cubeide_1.12.0/stm32cubeide/plugins/com.st.stm32cube.ide.mcu.externaltools.gnu-tools-for-stm32.10.3-2021.10.win32_1.0.200.202301161003/tools/bin/../lib/gcc/arm-none-eabi/10.3.1/../../../../arm-none-eabi/lib/thumb/v7e-m+fp/hard/crt0.o
 .ARM.exidx     0x0000000000000000       0x10 c:/st/stm32cubeide_1.12.0/stm32cubeide/plugins/com.st.stm32cube.ide.mcu.externaltools.gnu-tools-for-stm32.10.3-2021.10.win32_1.0.200.202301161003/tools/bin/../lib/gcc/arm-none-eabi/10.3.1/../../../../arm-none-eabi/lib/thumb/v7e-m+fp/hard/crt0.o
 .ARM.attributes
                0x0000000000000000       0x1c c:/st/stm32cubeide_1.12.0/stm32cubeide/plugins/com.st.stm32cube.ide.mcu.externaltools.gnu-tools-for-stm32.10.3-2021.10.win32_1.0.200.202301161003/tools/bin/../lib/gcc/arm-none-eabi/10.3.1/../../../../arm-none-eabi/lib/thumb/v7e-m+fp/hard/crt0.o
 .group         0x0000000000000000        0xc ./Inc/adc.o
 .group         0x0000000000000000        0xc ./Inc/adc.o
 .group         0x0000000000000000        0xc ./Inc/adc.o
 .group         0x0000000000000000        0xc ./Inc/adc.o
 .group         0x0000000000000000        0xc ./Inc/adc.o
 .group         0x0000000000000000        0xc ./Inc/adc.o
 .group         0x0000000000000000        0xc ./Inc/adc.o
 .group         0x0000000000000000        0xc ./Inc/adc.o
 .group         0x0000000000000000        0xc ./Inc/adc.o
 .group         0x0000000000000000        0xc ./Inc/adc.o
 .group         0x0000000000000000        0xc ./Inc/adc.o
 .group         0x0000000000000000        0xc ./Inc/adc.o
 .group         0x0000000000000000        0xc ./Inc/adc.o
 .group         0x0000000000000000        0xc ./Inc/adc.o
 .group         0x0000000000000000        0xc ./Inc/adc.o
 .group         0x0000000000000000        0xc ./Inc/adc.o
 .text          0x0000000000000000        0x0 ./Inc/adc.o
 .data          0x0000000000000000        0x0 ./Inc/adc.o
 .bss           0x0000000000000000        0x0 ./Inc/adc.o
 .text.pa1_adc_init
                0x0000000000000000       0x64 ./Inc/adc.o
 .text.start_conversion
                0x0000000000000000       0x2c ./Inc/adc.o
 .text.adc_read
                0x0000000000000000       0x24 ./Inc/adc.o
 .debug_info    0x0000000000000000      0x481 ./Inc/adc.o
 .debug_abbrev  0x0000000000000000       0xfc ./Inc/adc.o
 .debug_aranges
                0x0000000000000000       0x30 ./Inc/adc.o
 .debug_ranges  0x0000000000000000       0x20 ./Inc/adc.o
 .debug_macro   0x0000000000000000      0x108 ./Inc/adc.o
 .debug_macro   0x0000000000000000      0xa84 ./Inc/adc.o
 .debug_macro   0x0000000000000000       0x28 ./Inc/adc.o
 .debug_macro   0x0000000000000000       0x28 ./Inc/adc.o
 .debug_macro   0x0000000000000000       0x22 ./Inc/adc.o
 .debug_macro   0x0000000000000000       0x8e ./Inc/adc.o
 .debug_macro   0x0000000000000000       0x51 ./Inc/adc.o
 .debug_macro   0x0000000000000000      0x103 ./Inc/adc.o
 .debug_macro   0x0000000000000000       0x6a ./Inc/adc.o
 .debug_macro   0x0000000000000000      0x1df ./Inc/adc.o
 .debug_macro   0x0000000000000000       0x1c ./Inc/adc.o
 .debug_macro   0x0000000000000000       0x22 ./Inc/adc.o
 .debug_macro   0x0000000000000000       0xd9 ./Inc/adc.o
 .debug_macro   0x0000000000000000     0x102d ./Inc/adc.o
 .debug_macro   0x0000000000000000      0x11f ./Inc/adc.o
 .debug_macro   0x0000000000000000     0xb937 ./Inc/adc.o
 .debug_macro   0x0000000000000000       0x43 ./Inc/adc.o
 .debug_line    0x0000000000000000      0x549 ./Inc/adc.o
 .debug_str     0x0000000000000000    0x4f79a ./Inc/adc.o
 .comment       0x0000000000000000       0x51 ./Inc/adc.o
 .debug_frame   0x0000000000000000       0x70 ./Inc/adc.o
 .ARM.attributes
                0x0000000000000000       0x34 ./Inc/adc.o
 .group         0x0000000000000000        0xc ./Src/adxl345.o
 .group         0x0000000000000000        0xc ./Src/adxl345.o
 .group         0x0000000000000000        0xc ./Src/adxl345.o
 .group         0x0000000000000000        0xc ./Src/adxl345.o
 .group         0x0000000000000000        0xc ./Src/adxl345.o
 .group         0x0000000000000000        0xc ./Src/adxl345.o
 .group         0x0000000000000000        0xc ./Src/adxl345.o
 .group         0x0000000000000000        0xc ./Src/adxl345.o
 .group         0x0000000000000000        0xc ./Src/adxl345.o
 .group         0x0000000000000000        0xc ./Src/adxl345.o
 .group         0x0000000000000000        0xc ./Src/adxl345.o
 .group         0x0000000000000000        0xc ./Src/adxl345.o
 .group         0x0000000000000000        0xc ./Src/adxl345.o
 .group         0x0000000000000000        0xc ./Src/adxl345.o
 .group         0x0000000000000000        0xc ./Src/adxl345.o
 .group         0x0000000000000000        0xc ./Src/adxl345.o
 .group         0x0000000000000000        0xc ./Src/adxl345.o
 .text          0x0000000000000000        0x0 ./Src/adxl345.o
 .data          0x0000000000000000        0x0 ./Src/adxl345.o
 .bss           0x0000000000000000        0x0 ./Src/adxl345.o
 .debug_macro   0x0000000000000000      0xa84 ./Src/adxl345.o
 .debug_macro   0x0000000000000000       0x28 ./Src/adxl345.o
 .debug_macro   0x0000000000000000       0x28 ./Src/adxl345.o
 .debug_macro   0x0000000000000000       0x22 ./Src/adxl345.o
 .debug_macro   0x0000000000000000       0x8e ./Src/adxl345.o
 .debug_macro   0x0000000000000000       0x51 ./Src/adxl345.o
 .debug_macro   0x0000000000000000      0x103 ./Src/adxl345.o
 .debug_macro   0x0000000000000000       0x6a ./Src/adxl345.o
 .debug_macro   0x0000000000000000      0x1df ./Src/adxl345.o
 .debug_macro   0x0000000000000000       0x1c ./Src/adxl345.o
 .debug_macro   0x0000000000000000       0x22 ./Src/adxl345.o
 .debug_macro   0x0000000000000000       0xd9 ./Src/adxl345.o
 .debug_macro   0x0000000000000000     0x102d ./Src/adxl345.o
 .debug_macro   0x0000000000000000      0x11f ./Src/adxl345.o
 .debug_macro   0x0000000000000000     0xb937 ./Src/adxl345.o
 .debug_macro   0x0000000000000000       0x43 ./Src/adxl345.o
 .group         0x0000000000000000        0xc ./Src/exti.o
 .group         0x0000000000000000        0xc ./Src/exti.o
 .group         0x0000000000000000        0xc ./Src/exti.o
 .group         0x0000000000000000        0xc ./Src/exti.o
 .group         0x0000000000000000        0xc ./Src/exti.o
 .group         0x0000000000000000        0xc ./Src/exti.o
 .group         0x0000000000000000        0xc ./Src/exti.o
 .group         0x0000000000000000        0xc ./Src/exti.o
 .group         0x0000000000000000        0xc ./Src/exti.o
 .group         0x0000000000000000        0xc ./Src/exti.o
 .group         0x0000000000000000        0xc ./Src/exti.o
 .group         0x0000000000000000        0xc ./Src/exti.o
 .group         0x0000000000000000        0xc ./Src/exti.o
 .group         0x0000000000000000        0xc ./Src/exti.o
 .group         0x0000000000000000        0xc ./Src/exti.o
 .group         0x0000000000000000        0xc ./Src/exti.o
 .group         0x0000000000000000        0xc ./Src/exti.o
 .text          0x0000000000000000        0x0 ./Src/exti.o
 .data          0x0000000000000000        0x0 ./Src/exti.o
 .bss           0x0000000000000000        0x0 ./Src/exti.o
 .text.__NVIC_EnableIRQ
                0x0000000000000000       0x3c ./Src/exti.o
 .text.pc13_exti_init
                0x0000000000000000       0x7c ./Src/exti.o
 .debug_info    0x0000000000000000      0x77e ./Src/exti.o
 .debug_abbrev  0x0000000000000000      0x18e ./Src/exti.o
 .debug_aranges
                0x0000000000000000       0x28 ./Src/exti.o
 .debug_ranges  0x0000000000000000       0x18 ./Src/exti.o
 .debug_macro   0x0000000000000000       0xe3 ./Src/exti.o
 .debug_macro   0x0000000000000000      0xa84 ./Src/exti.o
 .debug_macro   0x0000000000000000       0x28 ./Src/exti.o
 .debug_macro   0x0000000000000000       0x28 ./Src/exti.o
 .debug_macro   0x0000000000000000       0x22 ./Src/exti.o
 .debug_macro   0x0000000000000000       0x8e ./Src/exti.o
 .debug_macro   0x0000000000000000       0x51 ./Src/exti.o
 .debug_macro   0x0000000000000000      0x103 ./Src/exti.o
 .debug_macro   0x0000000000000000       0x6a ./Src/exti.o
 .debug_macro   0x0000000000000000      0x1df ./Src/exti.o
 .debug_macro   0x0000000000000000       0x1c ./Src/exti.o
 .debug_macro   0x0000000000000000       0x22 ./Src/exti.o
 .debug_macro   0x0000000000000000       0xd9 ./Src/exti.o
 .debug_macro   0x0000000000000000     0x102d ./Src/exti.o
 .debug_macro   0x0000000000000000      0x11f ./Src/exti.o
 .debug_macro   0x0000000000000000     0xb937 ./Src/exti.o
 .debug_macro   0x0000000000000000       0x43 ./Src/exti.o
 .debug_macro   0x0000000000000000       0x10 ./Src/exti.o
 .debug_line    0x0000000000000000      0x552 ./Src/exti.o
 .debug_str     0x0000000000000000    0x4fb43 ./Src/exti.o
 .comment       0x0000000000000000       0x51 ./Src/exti.o
 .debug_frame   0x0000000000000000       0x54 ./Src/exti.o
 .ARM.attributes
                0x0000000000000000       0x34 ./Src/exti.o
 .group         0x0000000000000000        0xc ./Src/i2c.o
 .group         0x0000000000000000        0xc ./Src/i2c.o
 .group         0x0000000000000000        0xc ./Src/i2c.o
 .group         0x0000000000000000        0xc ./Src/i2c.o
 .group         0x0000000000000000        0xc ./Src/i2c.o
 .group         0x0000000000000000        0xc ./Src/i2c.o
 .group         0x0000000000000000        0xc ./Src/i2c.o
 .group         0x0000000000000000        0xc ./Src/i2c.o
 .group         0x0000000000000000        0xc ./Src/i2c.o
 .group         0x0000000000000000        0xc ./Src/i2c.o
 .group         0x0000000000000000        0xc ./Src/i2c.o
 .group         0x0000000000000000        0xc ./Src/i2c.o
 .group         0x0000000000000000        0xc ./Src/i2c.o
 .group         0x0000000000000000        0xc ./Src/i2c.o
 .group         0x0000000000000000        0xc ./Src/i2c.o
 .group         0x0000000000000000        0xc ./Src/i2c.o
 .text          0x0000000000000000        0x0 ./Src/i2c.o
 .data          0x0000000000000000        0x0 ./Src/i2c.o
 .bss           0x0000000000000000        0x0 ./Src/i2c.o
 .text.I2C1_init
                0x0000000000000000      0x140 ./Src/i2c.o
 .text.I2C1_byteRead
                0x0000000000000000       0xe8 ./Src/i2c.o
 .text.I2C1_burstRead
                0x0000000000000000      0x138 ./Src/i2c.o
 .text.I2C1_burstWrite
                0x0000000000000000       0xc4 ./Src/i2c.o
 .debug_info    0x0000000000000000      0x520 ./Src/i2c.o
 .debug_abbrev  0x0000000000000000      0x110 ./Src/i2c.o
 .debug_aranges
                0x0000000000000000       0x38 ./Src/i2c.o
 .debug_ranges  0x0000000000000000       0x28 ./Src/i2c.o
 .debug_macro   0x0000000000000000      0x122 ./Src/i2c.o
 .debug_macro   0x0000000000000000      0xa84 ./Src/i2c.o
 .debug_macro   0x0000000000000000       0x28 ./Src/i2c.o
 .debug_macro   0x0000000000000000       0x28 ./Src/i2c.o
 .debug_macro   0x0000000000000000       0x22 ./Src/i2c.o
 .debug_macro   0x0000000000000000       0x8e ./Src/i2c.o
 .debug_macro   0x0000000000000000       0x51 ./Src/i2c.o
 .debug_macro   0x0000000000000000      0x103 ./Src/i2c.o
 .debug_macro   0x0000000000000000       0x6a ./Src/i2c.o
 .debug_macro   0x0000000000000000      0x1df ./Src/i2c.o
 .debug_macro   0x0000000000000000       0x1c ./Src/i2c.o
 .debug_macro   0x0000000000000000       0x22 ./Src/i2c.o
 .debug_macro   0x0000000000000000       0xd9 ./Src/i2c.o
 .debug_macro   0x0000000000000000     0x102d ./Src/i2c.o
 .debug_macro   0x0000000000000000      0x11f ./Src/i2c.o
 .debug_macro   0x0000000000000000     0xb937 ./Src/i2c.o
 .debug_macro   0x0000000000000000       0x43 ./Src/i2c.o
 .debug_line    0x0000000000000000      0x84a ./Src/i2c.o
 .debug_str     0x0000000000000000    0x4f7de ./Src/i2c.o
 .comment       0x0000000000000000       0x51 ./Src/i2c.o
 .debug_frame   0x0000000000000000       0xa8 ./Src/i2c.o
 .ARM.attributes
                0x0000000000000000       0x34 ./Src/i2c.o
 .group         0x0000000000000000        0xc ./Src/main.o
 .group         0x0000000000000000        0xc ./Src/main.o
 .group         0x0000000000000000        0xc ./Src/main.o
 .group         0x0000000000000000        0xc ./Src/main.o
 .group         0x0000000000000000        0xc ./Src/main.o
 .group         0x0000000000000000        0xc ./Src/main.o
 .group         0x0000000000000000        0xc ./Src/main.o
 .group         0x0000000000000000        0xc ./Src/main.o
 .group         0x0000000000000000        0xc ./Src/main.o
 .group         0x0000000000000000        0xc ./Src/main.o
 .group         0x0000000000000000        0xc ./Src/main.o
 .group         0x0000000000000000        0xc ./Src/main.o
 .group         0x0000000000000000        0xc ./Src/main.o
 .group         0x0000000000000000        0xc ./Src/main.o
 .group         0x0000000000000000        0xc ./Src/main.o
 .group         0x0000000000000000        0xc ./Src/main.o
 .group         0x0000000000000000        0xc ./Src/main.o
 .group         0x0000000000000000        0xc ./Src/main.o
 .group         0x0000000000000000        0xc ./Src/main.o
 .group         0x0000000000000000        0xc ./Src/main.o
 .group         0x0000000000000000        0xc ./Src/main.o
 .group         0x0000000000000000        0xc ./Src/main.o
 .group         0x0000000000000000        0xc ./Src/main.o
 .group         0x0000000000000000        0xc ./Src/main.o
 .group         0x0000000000000000        0xc ./Src/main.o
 .group         0x0000000000000000        0xc ./Src/main.o
 .group         0x0000000000000000        0xc ./Src/main.o
 .group         0x0000000000000000        0xc ./Src/main.o
 .group         0x0000000000000000        0xc ./Src/main.o
 .group         0x0000000000000000        0xc ./Src/main.o
 .group         0x0000000000000000        0xc ./Src/main.o
 .group         0x0000000000000000        0xc ./Src/main.o
 .group         0x0000000000000000        0xc ./Src/main.o
 .group         0x0000000000000000        0xc ./Src/main.o
 .group         0x0000000000000000        0xc ./Src/main.o
 .group         0x0000000000000000        0xc ./Src/main.o
 .group         0x0000000000000000        0xc ./Src/main.o
 .group         0x0000000000000000        0xc ./Src/main.o
 .group         0x0000000000000000        0xc ./Src/main.o
 .group         0x0000000000000000        0xc ./Src/main.o
 .group         0x0000000000000000        0xc ./Src/main.o
 .group         0x0000000000000000        0xc ./Src/main.o
 .group         0x0000000000000000        0xc ./Src/main.o
 .group         0x0000000000000000        0xc ./Src/main.o
 .group         0x0000000000000000        0xc ./Src/main.o
 .group         0x0000000000000000        0xc ./Src/main.o
 .text          0x0000000000000000        0x0 ./Src/main.o
 .data          0x0000000000000000        0x0 ./Src/main.o
 .bss           0x0000000000000000        0x0 ./Src/main.o
 .debug_macro   0x0000000000000000      0xa84 ./Src/main.o
 .debug_macro   0x0000000000000000       0x22 ./Src/main.o
 .debug_macro   0x0000000000000000       0x6a ./Src/main.o
 .debug_macro   0x0000000000000000      0x103 ./Src/main.o
 .debug_macro   0x0000000000000000      0x1df ./Src/main.o
 .debug_macro   0x0000000000000000       0x28 ./Src/main.o
 .debug_macro   0x0000000000000000       0x28 ./Src/main.o
 .debug_macro   0x0000000000000000       0x1c ./Src/main.o
 .debug_macro   0x0000000000000000       0x22 ./Src/main.o
 .debug_macro   0x0000000000000000       0xd9 ./Src/main.o
 .debug_macro   0x0000000000000000     0x102d ./Src/main.o
 .debug_macro   0x0000000000000000      0x11f ./Src/main.o
 .debug_macro   0x0000000000000000     0xb937 ./Src/main.o
 .debug_macro   0x0000000000000000       0x43 ./Src/main.o
 .debug_macro   0x0000000000000000       0x3a ./Src/main.o
 .group         0x0000000000000000        0xc ./Src/spi.o
 .group         0x0000000000000000        0xc ./Src/spi.o
 .group         0x0000000000000000        0xc ./Src/spi.o
 .group         0x0000000000000000        0xc ./Src/spi.o
 .group         0x0000000000000000        0xc ./Src/spi.o
 .group         0x0000000000000000        0xc ./Src/spi.o
 .group         0x0000000000000000        0xc ./Src/spi.o
 .group         0x0000000000000000        0xc ./Src/spi.o
 .group         0x0000000000000000        0xc ./Src/spi.o
 .group         0x0000000000000000        0xc ./Src/spi.o
 .group         0x0000000000000000        0xc ./Src/spi.o
 .group         0x0000000000000000        0xc ./Src/spi.o
 .group         0x0000000000000000        0xc ./Src/spi.o
 .group         0x0000000000000000        0xc ./Src/spi.o
 .group         0x0000000000000000        0xc ./Src/spi.o
 .group         0x0000000000000000        0xc ./Src/spi.o
 .text          0x0000000000000000        0x0 ./Src/spi.o
 .data          0x0000000000000000        0x0 ./Src/spi.o
 .bss           0x0000000000000000        0x0 ./Src/spi.o
 .debug_macro   0x0000000000000000      0xa84 ./Src/spi.o
 .debug_macro   0x0000000000000000       0x28 ./Src/spi.o
 .debug_macro   0x0000000000000000       0x28 ./Src/spi.o
 .debug_macro   0x0000000000000000       0x22 ./Src/spi.o
 .debug_macro   0x0000000000000000       0x8e ./Src/spi.o
 .debug_macro   0x0000000000000000       0x51 ./Src/spi.o
 .debug_macro   0x0000000000000000      0x103 ./Src/spi.o
 .debug_macro   0x0000000000000000       0x6a ./Src/spi.o
 .debug_macro   0x0000000000000000      0x1df ./Src/spi.o
 .debug_macro   0x0000000000000000       0x1c ./Src/spi.o
 .debug_macro   0x0000000000000000       0x22 ./Src/spi.o
 .debug_macro   0x0000000000000000       0xd9 ./Src/spi.o
 .debug_macro   0x0000000000000000     0x102d ./Src/spi.o
 .debug_macro   0x0000000000000000      0x11f ./Src/spi.o
 .debug_macro   0x0000000000000000     0xb937 ./Src/spi.o
 .debug_macro   0x0000000000000000       0x43 ./Src/spi.o
 .group         0x0000000000000000        0xc ./Src/syscalls.o
 .group         0x0000000000000000        0xc ./Src/syscalls.o
 .group         0x0000000000000000        0xc ./Src/syscalls.o
 .group         0x0000000000000000        0xc ./Src/syscalls.o
 .group         0x0000000000000000        0xc ./Src/syscalls.o
 .group         0x0000000000000000        0xc ./Src/syscalls.o
 .group         0x0000000000000000        0xc ./Src/syscalls.o
 .group         0x0000000000000000        0xc ./Src/syscalls.o
 .group         0x0000000000000000        0xc ./Src/syscalls.o
 .group         0x0000000000000000        0xc ./Src/syscalls.o
 .group         0x0000000000000000        0xc ./Src/syscalls.o
 .group         0x0000000000000000        0xc ./Src/syscalls.o
 .group         0x0000000000000000        0xc ./Src/syscalls.o
 .group         0x0000000000000000        0xc ./Src/syscalls.o
 .group         0x0000000000000000        0xc ./Src/syscalls.o
 .group         0x0000000000000000        0xc ./Src/syscalls.o
 .group         0x0000000000000000        0xc ./Src/syscalls.o
 .group         0x0000000000000000        0xc ./Src/syscalls.o
 .group         0x0000000000000000        0xc ./Src/syscalls.o
 .group         0x0000000000000000        0xc ./Src/syscalls.o
 .group         0x0000000000000000        0xc ./Src/syscalls.o
 .group         0x0000000000000000        0xc ./Src/syscalls.o
 .group         0x0000000000000000        0xc ./Src/syscalls.o
 .group         0x0000000000000000        0xc ./Src/syscalls.o
 .group         0x0000000000000000        0xc ./Src/syscalls.o
 .group         0x0000000000000000        0xc ./Src/syscalls.o
 .group         0x0000000000000000        0xc ./Src/syscalls.o
 .group         0x0000000000000000        0xc ./Src/syscalls.o
 .group         0x0000000000000000        0xc ./Src/syscalls.o
 .group         0x0000000000000000        0xc ./Src/syscalls.o
 .group         0x0000000000000000        0xc ./Src/syscalls.o
 .group         0x0000000000000000        0xc ./Src/syscalls.o
 .group         0x0000000000000000        0xc ./Src/syscalls.o
 .group         0x0000000000000000        0xc ./Src/syscalls.o
 .group         0x0000000000000000        0xc ./Src/syscalls.o
 .group         0x0000000000000000        0xc ./Src/syscalls.o
 .group         0x0000000000000000        0xc ./Src/syscalls.o
 .group         0x0000000000000000        0xc ./Src/syscalls.o
 .group         0x0000000000000000        0xc ./Src/syscalls.o
 .group         0x0000000000000000        0xc ./Src/syscalls.o
 .group         0x0000000000000000        0xc ./Src/syscalls.o
 .group         0x0000000000000000        0xc ./Src/syscalls.o
 .group         0x0000000000000000        0xc ./Src/syscalls.o
 .group         0x0000000000000000        0xc ./Src/syscalls.o
 .group         0x0000000000000000        0xc ./Src/syscalls.o
 .group         0x0000000000000000        0xc ./Src/syscalls.o
 .group         0x0000000000000000        0xc ./Src/syscalls.o
 .text          0x0000000000000000        0x0 ./Src/syscalls.o
 .data          0x0000000000000000        0x0 ./Src/syscalls.o
 .bss           0x0000000000000000        0x0 ./Src/syscalls.o
 .bss.__env     0x0000000000000000        0x4 ./Src/syscalls.o
 .data.environ  0x0000000000000000        0x4 ./Src/syscalls.o
 .text.initialise_monitor_handles
                0x0000000000000000        0xe ./Src/syscalls.o
 .text._getpid  0x0000000000000000       0x10 ./Src/syscalls.o
 .text._kill    0x0000000000000000       0x20 ./Src/syscalls.o
 .text._exit    0x0000000000000000       0x14 ./Src/syscalls.o
 .text._read    0x0000000000000000       0x3a ./Src/syscalls.o
 .text._write   0x0000000000000000       0x38 ./Src/syscalls.o
 .text._close   0x0000000000000000       0x18 ./Src/syscalls.o
 .text._fstat   0x0000000000000000       0x20 ./Src/syscalls.o
 .text._isatty  0x0000000000000000       0x16 ./Src/syscalls.o
 .text._lseek   0x0000000000000000       0x1a ./Src/syscalls.o
 .text._open    0x0000000000000000       0x1c ./Src/syscalls.o
 .text._wait    0x0000000000000000       0x1e ./Src/syscalls.o
 .text._unlink  0x0000000000000000       0x1e ./Src/syscalls.o
 .text._times   0x0000000000000000       0x18 ./Src/syscalls.o
 .text._stat    0x0000000000000000       0x20 ./Src/syscalls.o
 .text._link    0x0000000000000000       0x20 ./Src/syscalls.o
 .text._fork    0x0000000000000000       0x16 ./Src/syscalls.o
 .text._execve  0x0000000000000000       0x22 ./Src/syscalls.o
 .debug_info    0x0000000000000000      0x6e0 ./Src/syscalls.o
 .debug_abbrev  0x0000000000000000      0x1b3 ./Src/syscalls.o
 .debug_aranges
                0x0000000000000000       0xa8 ./Src/syscalls.o
 .debug_ranges  0x0000000000000000       0x98 ./Src/syscalls.o
 .debug_macro   0x0000000000000000      0x24c ./Src/syscalls.o
 .debug_macro   0x0000000000000000      0xa84 ./Src/syscalls.o
 .debug_macro   0x0000000000000000       0x22 ./Src/syscalls.o
 .debug_macro   0x0000000000000000       0x4c ./Src/syscalls.o
 .debug_macro   0x0000000000000000       0x1e ./Src/syscalls.o
 .debug_macro   0x0000000000000000       0x94 ./Src/syscalls.o
 .debug_macro   0x0000000000000000       0x3c ./Src/syscalls.o
 .debug_macro   0x0000000000000000       0x34 ./Src/syscalls.o
 .debug_macro   0x0000000000000000       0x57 ./Src/syscalls.o
 .debug_macro   0x0000000000000000      0x174 ./Src/syscalls.o
 .debug_macro   0x0000000000000000      0x341 ./Src/syscalls.o
 .debug_macro   0x0000000000000000       0x16 ./Src/syscalls.o
 .debug_macro   0x0000000000000000       0x43 ./Src/syscalls.o
 .debug_macro   0x0000000000000000       0x34 ./Src/syscalls.o
 .debug_macro   0x0000000000000000       0x10 ./Src/syscalls.o
 .debug_macro   0x0000000000000000       0x58 ./Src/syscalls.o
 .debug_macro   0x0000000000000000       0x71 ./Src/syscalls.o
 .debug_macro   0x0000000000000000       0x1c ./Src/syscalls.o
 .debug_macro   0x0000000000000000      0x12a ./Src/syscalls.o
 .debug_macro   0x0000000000000000       0x10 ./Src/syscalls.o
 .debug_macro   0x0000000000000000       0x35 ./Src/syscalls.o
 .debug_macro   0x0000000000000000       0x10 ./Src/syscalls.o
 .debug_macro   0x0000000000000000       0x10 ./Src/syscalls.o
 .debug_macro   0x0000000000000000       0x10 ./Src/syscalls.o
 .debug_macro   0x0000000000000000       0x6a ./Src/syscalls.o
 .debug_macro   0x0000000000000000       0x1c ./Src/syscalls.o
 .debug_macro   0x0000000000000000       0x52 ./Src/syscalls.o
 .debug_macro   0x0000000000000000       0x22 ./Src/syscalls.o
 .debug_macro   0x0000000000000000       0x10 ./Src/syscalls.o
 .debug_macro   0x0000000000000000       0x52 ./Src/syscalls.o
 .debug_macro   0x0000000000000000       0xd5 ./Src/syscalls.o
 .debug_macro   0x0000000000000000       0x1c ./Src/syscalls.o
 .debug_macro   0x0000000000000000       0x3d ./Src/syscalls.o
 .debug_macro   0x0000000000000000       0x35 ./Src/syscalls.o
 .debug_macro   0x0000000000000000      0x12c ./Src/syscalls.o
 .debug_macro   0x0000000000000000       0x16 ./Src/syscalls.o
 .debug_macro   0x0000000000000000       0x16 ./Src/syscalls.o
 .debug_macro   0x0000000000000000       0x29 ./Src/syscalls.o
 .debug_macro   0x0000000000000000       0x10 ./Src/syscalls.o
 .debug_macro   0x0000000000000000      0x241 ./Src/syscalls.o
 .debug_macro   0x0000000000000000       0x1c ./Src/syscalls.o
 .debug_macro   0x0000000000000000       0x10 ./Src/syscalls.o
 .debug_macro   0x0000000000000000       0x10 ./Src/syscalls.o
 .debug_macro   0x0000000000000000       0x16 ./Src/syscalls.o
 .debug_macro   0x0000000000000000      0x145 ./Src/syscalls.o
 .debug_macro   0x0000000000000000      0x189 ./Src/syscalls.o
 .debug_macro   0x0000000000000000       0x16 ./Src/syscalls.o
 .debug_macro   0x0000000000000000       0xce ./Src/syscalls.o
 .debug_line    0x0000000000000000      0x7f9 ./Src/syscalls.o
 .debug_str     0x0000000000000000     0x8ab8 ./Src/syscalls.o
 .comment       0x0000000000000000       0x51 ./Src/syscalls.o
 .debug_frame   0x0000000000000000      0x2ac ./Src/syscalls.o
 .ARM.attributes
                0x0000000000000000       0x34 ./Src/syscalls.o
 .group         0x0000000000000000        0xc ./Src/sysmem.o
 .group         0x0000000000000000        0xc ./Src/sysmem.o
 .group         0x0000000000000000        0xc ./Src/sysmem.o
 .group         0x0000000000000000        0xc ./Src/sysmem.o
 .group         0x0000000000000000        0xc ./Src/sysmem.o
 .group         0x0000000000000000        0xc ./Src/sysmem.o
 .group         0x0000000000000000        0xc ./Src/sysmem.o
 .group         0x0000000000000000        0xc ./Src/sysmem.o
 .group         0x0000000000000000        0xc ./Src/sysmem.o
 .group         0x0000000000000000        0xc ./Src/sysmem.o
 .group         0x0000000000000000        0xc ./Src/sysmem.o
 .group         0x0000000000000000        0xc ./Src/sysmem.o
 .group         0x0000000000000000        0xc ./Src/sysmem.o
 .group         0x0000000000000000        0xc ./Src/sysmem.o
 .group         0x0000000000000000        0xc ./Src/sysmem.o
 .group         0x0000000000000000        0xc ./Src/sysmem.o
 .group         0x0000000000000000        0xc ./Src/sysmem.o
 .group         0x0000000000000000        0xc ./Src/sysmem.o
 .group         0x0000000000000000        0xc ./Src/sysmem.o
 .group         0x0000000000000000        0xc ./Src/sysmem.o
 .group         0x0000000000000000        0xc ./Src/sysmem.o
 .group         0x0000000000000000        0xc ./Src/sysmem.o
 .text          0x0000000000000000        0x0 ./Src/sysmem.o
 .data          0x0000000000000000        0x0 ./Src/sysmem.o
 .bss           0x0000000000000000        0x0 ./Src/sysmem.o
 .bss.__sbrk_heap_end
                0x0000000000000000        0x4 ./Src/sysmem.o
 .text._sbrk    0x0000000000000000       0x6c ./Src/sysmem.o
 .debug_info    0x0000000000000000      0x171 ./Src/sysmem.o
 .debug_abbrev  0x0000000000000000       0xbb ./Src/sysmem.o
 .debug_aranges
                0x0000000000000000       0x20 ./Src/sysmem.o
 .debug_ranges  0x0000000000000000       0x10 ./Src/sysmem.o
 .debug_macro   0x0000000000000000       0xff ./Src/sysmem.o
 .debug_macro   0x0000000000000000      0xa84 ./Src/sysmem.o
 .debug_macro   0x0000000000000000       0x10 ./Src/sysmem.o
 .debug_macro   0x0000000000000000       0x22 ./Src/sysmem.o
 .debug_macro   0x0000000000000000       0x4c ./Src/sysmem.o
 .debug_macro   0x0000000000000000       0x1e ./Src/sysmem.o
 .debug_macro   0x0000000000000000       0x94 ./Src/sysmem.o
 .debug_macro   0x0000000000000000       0x3c ./Src/sysmem.o
 .debug_macro   0x0000000000000000       0x34 ./Src/sysmem.o
 .debug_macro   0x0000000000000000      0x174 ./Src/sysmem.o
 .debug_macro   0x0000000000000000       0x16 ./Src/sysmem.o
 .debug_macro   0x0000000000000000       0x43 ./Src/sysmem.o
 .debug_macro   0x0000000000000000       0x57 ./Src/sysmem.o
 .debug_macro   0x0000000000000000       0x34 ./Src/sysmem.o
 .debug_macro   0x0000000000000000       0x10 ./Src/sysmem.o
 .debug_macro   0x0000000000000000       0x58 ./Src/sysmem.o
 .debug_macro   0x0000000000000000       0x71 ./Src/sysmem.o
 .debug_macro   0x0000000000000000       0x1c ./Src/sysmem.o
 .debug_macro   0x0000000000000000      0x12a ./Src/sysmem.o
 .debug_macro   0x0000000000000000      0x23b ./Src/sysmem.o
 .debug_macro   0x0000000000000000      0x103 ./Src/sysmem.o
 .debug_macro   0x0000000000000000       0x6a ./Src/sysmem.o
 .debug_macro   0x0000000000000000      0x1df ./Src/sysmem.o
 .debug_line    0x0000000000000000      0x4ef ./Src/sysmem.o
 .debug_str     0x0000000000000000     0x5df4 ./Src/sysmem.o
 .comment       0x0000000000000000       0x51 ./Src/sysmem.o
 .debug_frame   0x0000000000000000       0x34 ./Src/sysmem.o
 .ARM.attributes
                0x0000000000000000       0x34 ./Src/sysmem.o
 .group         0x0000000000000000        0xc ./Src/systic.o
 .group         0x0000000000000000        0xc ./Src/systic.o
 .group         0x0000000000000000        0xc ./Src/systic.o
 .group         0x0000000000000000        0xc ./Src/systic.o
 .group         0x0000000000000000        0xc ./Src/systic.o
 .group         0x0000000000000000        0xc ./Src/systic.o
 .group         0x0000000000000000        0xc ./Src/systic.o
 .group         0x0000000000000000        0xc ./Src/systic.o
 .group         0x0000000000000000        0xc ./Src/systic.o
 .group         0x0000000000000000        0xc ./Src/systic.o
 .group         0x0000000000000000        0xc ./Src/systic.o
 .group         0x0000000000000000        0xc ./Src/systic.o
 .group         0x0000000000000000        0xc ./Src/systic.o
 .group         0x0000000000000000        0xc ./Src/systic.o
 .group         0x0000000000000000        0xc ./Src/systic.o
 .group         0x0000000000000000        0xc ./Src/systic.o
 .text          0x0000000000000000        0x0 ./Src/systic.o
 .data          0x0000000000000000        0x0 ./Src/systic.o
 .bss           0x0000000000000000        0x0 ./Src/systic.o
 .text.systicDelayms
                0x0000000000000000       0x54 ./Src/systic.o
 .debug_info    0x0000000000000000      0x11b ./Src/systic.o
 .debug_abbrev  0x0000000000000000       0xcf ./Src/systic.o
 .debug_aranges
                0x0000000000000000       0x20 ./Src/systic.o
 .debug_ranges  0x0000000000000000       0x10 ./Src/systic.o
 .debug_macro   0x0000000000000000       0xe6 ./Src/systic.o
 .debug_macro   0x0000000000000000      0xa84 ./Src/systic.o
 .debug_macro   0x0000000000000000       0x28 ./Src/systic.o
 .debug_macro   0x0000000000000000       0x28 ./Src/systic.o
 .debug_macro   0x0000000000000000       0x22 ./Src/systic.o
 .debug_macro   0x0000000000000000       0x8e ./Src/systic.o
 .debug_macro   0x0000000000000000       0x51 ./Src/systic.o
 .debug_macro   0x0000000000000000      0x103 ./Src/systic.o
 .debug_macro   0x0000000000000000       0x6a ./Src/systic.o
 .debug_macro   0x0000000000000000      0x1df ./Src/systic.o
 .debug_macro   0x0000000000000000       0x1c ./Src/systic.o
 .debug_macro   0x0000000000000000       0x22 ./Src/systic.o
 .debug_macro   0x0000000000000000       0xd9 ./Src/systic.o
 .debug_macro   0x0000000000000000     0x102d ./Src/systic.o
 .debug_macro   0x0000000000000000      0x11f ./Src/systic.o
 .debug_macro   0x0000000000000000     0xb937 ./Src/systic.o
 .debug_macro   0x0000000000000000       0x43 ./Src/systic.o
 .debug_line    0x0000000000000000      0x52b ./Src/systic.o
 .debug_str     0x0000000000000000    0x4f5d3 ./Src/systic.o
 .comment       0x0000000000000000       0x51 ./Src/systic.o
 .debug_frame   0x0000000000000000       0x38 ./Src/systic.o
 .ARM.attributes
                0x0000000000000000       0x34 ./Src/systic.o
 .group         0x0000000000000000        0xc ./Src/tim.o
 .group         0x0000000000000000        0xc ./Src/tim.o
 .group         0x0000000000000000        0xc ./Src/tim.o
 .group         0x0000000000000000        0xc ./Src/tim.o
 .group         0x0000000000000000        0xc ./Src/tim.o
 .group         0x0000000000000000        0xc ./Src/tim.o
 .group         0x0000000000000000        0xc ./Src/tim.o
 .group         0x0000000000000000        0xc ./Src/tim.o
 .group         0x0000000000000000        0xc ./Src/tim.o
 .group         0x0000000000000000        0xc ./Src/tim.o
 .group         0x0000000000000000        0xc ./Src/tim.o
 .group         0x0000000000000000        0xc ./Src/tim.o
 .group         0x0000000000000000        0xc ./Src/tim.o
 .group         0x0000000000000000        0xc ./Src/tim.o
 .group         0x0000000000000000        0xc ./Src/tim.o
 .group         0x0000000000000000        0xc ./Src/tim.o
 .text          0x0000000000000000        0x0 ./Src/tim.o
 .data          0x0000000000000000        0x0 ./Src/tim.o
 .bss           0x0000000000000000        0x0 ./Src/tim.o
 .text.tim2_1hz_init
                0x0000000000000000       0x78 ./Src/tim.o
 .text.tim2_pa5_output_compare
                0x0000000000000000       0x5c ./Src/tim.o
 .text.tim3_input_capture
                0x0000000000000000       0x70 ./Src/tim.o
 .debug_info    0x0000000000000000      0x4a1 ./Src/tim.o
 .debug_abbrev  0x0000000000000000       0xaf ./Src/tim.o
 .debug_aranges
                0x0000000000000000       0x30 ./Src/tim.o
 .debug_ranges  0x0000000000000000       0x20 ./Src/tim.o
 .debug_macro   0x0000000000000000      0x104 ./Src/tim.o
 .debug_macro   0x0000000000000000      0xa84 ./Src/tim.o
 .debug_macro   0x0000000000000000       0x28 ./Src/tim.o
 .debug_macro   0x0000000000000000       0x28 ./Src/tim.o
 .debug_macro   0x0000000000000000       0x22 ./Src/tim.o
 .debug_macro   0x0000000000000000       0x8e ./Src/tim.o
 .debug_macro   0x0000000000000000       0x51 ./Src/tim.o
 .debug_macro   0x0000000000000000      0x103 ./Src/tim.o
 .debug_macro   0x0000000000000000       0x6a ./Src/tim.o
 .debug_macro   0x0000000000000000      0x1df ./Src/tim.o
 .debug_macro   0x0000000000000000       0x1c ./Src/tim.o
 .debug_macro   0x0000000000000000       0x22 ./Src/tim.o
 .debug_macro   0x0000000000000000       0xd9 ./Src/tim.o
 .debug_macro   0x0000000000000000     0x102d ./Src/tim.o
 .debug_macro   0x0000000000000000      0x11f ./Src/tim.o
 .debug_macro   0x0000000000000000     0xb937 ./Src/tim.o
 .debug_macro   0x0000000000000000       0x43 ./Src/tim.o
 .debug_line    0x0000000000000000      0x579 ./Src/tim.o
 .debug_str     0x0000000000000000    0x4f7ab ./Src/tim.o
 .comment       0x0000000000000000       0x51 ./Src/tim.o
 .debug_frame   0x0000000000000000       0x70 ./Src/tim.o
 .ARM.attributes
                0x0000000000000000       0x34 ./Src/tim.o
 .group         0x0000000000000000        0xc ./Src/uart.o
 .group         0x0000000000000000        0xc ./Src/uart.o
 .group         0x0000000000000000        0xc ./Src/uart.o
 .group         0x0000000000000000        0xc ./Src/uart.o
 .group         0x0000000000000000        0xc ./Src/uart.o
 .group         0x0000000000000000        0xc ./Src/uart.o
 .group         0x0000000000000000        0xc ./Src/uart.o
 .group         0x0000000000000000        0xc ./Src/uart.o
 .group         0x0000000000000000        0xc ./Src/uart.o
 .group         0x0000000000000000        0xc ./Src/uart.o
 .group         0x0000000000000000        0xc ./Src/uart.o
 .group         0x0000000000000000        0xc ./Src/uart.o
 .group         0x0000000000000000        0xc ./Src/uart.o
 .group         0x0000000000000000        0xc ./Src/uart.o
 .group         0x0000000000000000        0xc ./Src/uart.o
 .group         0x0000000000000000        0xc ./Src/uart.o
 .group         0x0000000000000000        0xc ./Src/uart.o
 .text          0x0000000000000000        0x0 ./Src/uart.o
 .data          0x0000000000000000        0x0 ./Src/uart.o
 .bss           0x0000000000000000        0x0 ./Src/uart.o
 .text.__NVIC_EnableIRQ
                0x0000000000000000       0x3c ./Src/uart.o
 .text.__io_putchar
                0x0000000000000000       0x18 ./Src/uart.o
 .text.dma1_stream6_init
                0x0000000000000000       0xe8 ./Src/uart.o
 .text.uart2_rxtx_init
                0x0000000000000000       0xe0 ./Src/uart.o
 .text.uart2_rx_interrupt_init
                0x0000000000000000       0xf0 ./Src/uart.o
 .text.uart2_tx_init
                0x0000000000000000       0x98 ./Src/uart.o
 .text.uart2_read
                0x0000000000000000       0x28 ./Src/uart.o
 .text.uart2_write
                0x0000000000000000       0x30 ./Src/uart.o
 .text.uart_set_baudrate
                0x0000000000000000       0x24 ./Src/uart.o
 .text.compute_uart_bd
                0x0000000000000000       0x26 ./Src/uart.o
 .debug_info    0x0000000000000000      0x903 ./Src/uart.o
 .debug_abbrev  0x0000000000000000      0x23b ./Src/uart.o
 .debug_aranges
                0x0000000000000000       0x68 ./Src/uart.o
 .debug_ranges  0x0000000000000000       0x58 ./Src/uart.o
 .debug_macro   0x0000000000000000      0x143 ./Src/uart.o
 .debug_macro   0x0000000000000000      0xa84 ./Src/uart.o
 .debug_macro   0x0000000000000000       0x22 ./Src/uart.o
 .debug_macro   0x0000000000000000       0x8e ./Src/uart.o
 .debug_macro   0x0000000000000000       0x51 ./Src/uart.o
 .debug_macro   0x0000000000000000      0x103 ./Src/uart.o
 .debug_macro   0x0000000000000000       0x6a ./Src/uart.o
 .debug_macro   0x0000000000000000      0x1df ./Src/uart.o
 .debug_macro   0x0000000000000000       0x28 ./Src/uart.o
 .debug_macro   0x0000000000000000       0x28 ./Src/uart.o
 .debug_macro   0x0000000000000000       0x1c ./Src/uart.o
 .debug_macro   0x0000000000000000       0x22 ./Src/uart.o
 .debug_macro   0x0000000000000000       0xd9 ./Src/uart.o
 .debug_macro   0x0000000000000000     0x102d ./Src/uart.o
 .debug_macro   0x0000000000000000      0x11f ./Src/uart.o
 .debug_macro   0x0000000000000000     0xb937 ./Src/uart.o
 .debug_macro   0x0000000000000000       0x43 ./Src/uart.o
 .debug_macro   0x0000000000000000       0x16 ./Src/uart.o
 .debug_line    0x0000000000000000      0x6de ./Src/uart.o
 .debug_str     0x0000000000000000    0x4fd23 ./Src/uart.o
 .comment       0x0000000000000000       0x51 ./Src/uart.o
 .debug_frame   0x0000000000000000      0x168 ./Src/uart.o
 .ARM.attributes
                0x0000000000000000       0x34 ./Src/uart.o
 .text          0x0000000000000000       0x14 ./Startup/startup_stm32f411retx.o
 .data          0x0000000000000000        0x0 ./Startup/startup_stm32f411retx.o
 .bss           0x0000000000000000        0x0 ./Startup/startup_stm32f411retx.o
 .text          0x0000000000000000        0x0 c:/st/stm32cubeide_1.12.0/stm32cubeide/plugins/com.st.stm32cube.ide.mcu.externaltools.gnu-tools-for-stm32.10.3-2021.10.win32_1.0.200.202301161003/tools/bin/../lib/gcc/arm-none-eabi/10.3.1/../../../../arm-none-eabi/lib/thumb/v7e-m+fp/hard\libc_nano.a(lib_a-errno.o)
 .data          0x0000000000000000        0x0 c:/st/stm32cubeide_1.12.0/stm32cubeide/plugins/com.st.stm32cube.ide.mcu.externaltools.gnu-tools-for-stm32.10.3-2021.10.win32_1.0.200.202301161003/tools/bin/../lib/gcc/arm-none-eabi/10.3.1/../../../../arm-none-eabi/lib/thumb/v7e-m+fp/hard\libc_nano.a(lib_a-errno.o)
 .bss           0x0000000000000000        0x0 c:/st/stm32cubeide_1.12.0/stm32cubeide/plugins/com.st.stm32cube.ide.mcu.externaltools.gnu-tools-for-stm32.10.3-2021.10.win32_1.0.200.202301161003/tools/bin/../lib/gcc/arm-none-eabi/10.3.1/../../../../arm-none-eabi/lib/thumb/v7e-m+fp/hard\libc_nano.a(lib_a-errno.o)
 .text.__errno  0x0000000000000000        0xc c:/st/stm32cubeide_1.12.0/stm32cubeide/plugins/com.st.stm32cube.ide.mcu.externaltools.gnu-tools-for-stm32.10.3-2021.10.win32_1.0.200.202301161003/tools/bin/../lib/gcc/arm-none-eabi/10.3.1/../../../../arm-none-eabi/lib/thumb/v7e-m+fp/hard\libc_nano.a(lib_a-errno.o)
 .debug_frame   0x0000000000000000       0x20 c:/st/stm32cubeide_1.12.0/stm32cubeide/plugins/com.st.stm32cube.ide.mcu.externaltools.gnu-tools-for-stm32.10.3-2021.10.win32_1.0.200.202301161003/tools/bin/../lib/gcc/arm-none-eabi/10.3.1/../../../../arm-none-eabi/lib/thumb/v7e-m+fp/hard\libc_nano.a(lib_a-errno.o)
 .ARM.attributes
                0x0000000000000000       0x34 c:/st/stm32cubeide_1.12.0/stm32cubeide/plugins/com.st.stm32cube.ide.mcu.externaltools.gnu-tools-for-stm32.10.3-2021.10.win32_1.0.200.202301161003/tools/bin/../lib/gcc/arm-none-eabi/10.3.1/../../../../arm-none-eabi/lib/thumb/v7e-m+fp/hard\libc_nano.a(lib_a-errno.o)
 .text          0x0000000000000000        0x0 c:/st/stm32cubeide_1.12.0/stm32cubeide/plugins/com.st.stm32cube.ide.mcu.externaltools.gnu-tools-for-stm32.10.3-2021.10.win32_1.0.200.202301161003/tools/bin/../lib/gcc/arm-none-eabi/10.3.1/../../../../arm-none-eabi/lib/thumb/v7e-m+fp/hard\libc_nano.a(lib_a-exit.o)
 .data          0x0000000000000000        0x0 c:/st/stm32cubeide_1.12.0/stm32cubeide/plugins/com.st.stm32cube.ide.mcu.externaltools.gnu-tools-for-stm32.10.3-2021.10.win32_1.0.200.202301161003/tools/bin/../lib/gcc/arm-none-eabi/10.3.1/../../../../arm-none-eabi/lib/thumb/v7e-m+fp/hard\libc_nano.a(lib_a-exit.o)
 .bss           0x0000000000000000        0x0 c:/st/stm32cubeide_1.12.0/stm32cubeide/plugins/com.st.stm32cube.ide.mcu.externaltools.gnu-tools-for-stm32.10.3-2021.10.win32_1.0.200.202301161003/tools/bin/../lib/gcc/arm-none-eabi/10.3.1/../../../../arm-none-eabi/lib/thumb/v7e-m+fp/hard\libc_nano.a(lib_a-exit.o)
 .text.exit     0x0000000000000000       0x28 c:/st/stm32cubeide_1.12.0/stm32cubeide/plugins/com.st.stm32cube.ide.mcu.externaltools.gnu-tools-for-stm32.10.3-2021.10.win32_1.0.200.202301161003/tools/bin/../lib/gcc/arm-none-eabi/10.3.1/../../../../arm-none-eabi/lib/thumb/v7e-m+fp/hard\libc_nano.a(lib_a-exit.o)
 .debug_frame   0x0000000000000000       0x28 c:/st/stm32cubeide_1.12.0/stm32cubeide/plugins/com.st.stm32cube.ide.mcu.externaltools.gnu-tools-for-stm32.10.3-2021.10.win32_1.0.200.202301161003/tools/bin/../lib/gcc/arm-none-eabi/10.3.1/../../../../arm-none-eabi/lib/thumb/v7e-m+fp/hard\libc_nano.a(lib_a-exit.o)
 .ARM.attributes
                0x0000000000000000       0x34 c:/st/stm32cubeide_1.12.0/stm32cubeide/plugins/com.st.stm32cube.ide.mcu.externaltools.gnu-tools-for-stm32.10.3-2021.10.win32_1.0.200.202301161003/tools/bin/../lib/gcc/arm-none-eabi/10.3.1/../../../../arm-none-eabi/lib/thumb/v7e-m+fp/hard\libc_nano.a(lib_a-exit.o)
 .text          0x0000000000000000        0x0 c:/st/stm32cubeide_1.12.0/stm32cubeide/plugins/com.st.stm32cube.ide.mcu.externaltools.gnu-tools-for-stm32.10.3-2021.10.win32_1.0.200.202301161003/tools/bin/../lib/gcc/arm-none-eabi/10.3.1/../../../../arm-none-eabi/lib/thumb/v7e-m+fp/hard\libc_nano.a(lib_a-impure.o)
 .data          0x0000000000000000        0x0 c:/st/stm32cubeide_1.12.0/stm32cubeide/plugins/com.st.stm32cube.ide.mcu.externaltools.gnu-tools-for-stm32.10.3-2021.10.win32_1.0.200.202301161003/tools/bin/../lib/gcc/arm-none-eabi/10.3.1/../../../../arm-none-eabi/lib/thumb/v7e-m+fp/hard\libc_nano.a(lib_a-impure.o)
 .bss           0x0000000000000000        0x0 c:/st/stm32cubeide_1.12.0/stm32cubeide/plugins/com.st.stm32cube.ide.mcu.externaltools.gnu-tools-for-stm32.10.3-2021.10.win32_1.0.200.202301161003/tools/bin/../lib/gcc/arm-none-eabi/10.3.1/../../../../arm-none-eabi/lib/thumb/v7e-m+fp/hard\libc_nano.a(lib_a-impure.o)
 .data._impure_ptr
                0x0000000000000000        0x4 c:/st/stm32cubeide_1.12.0/stm32cubeide/plugins/com.st.stm32cube.ide.mcu.externaltools.gnu-tools-for-stm32.10.3-2021.10.win32_1.0.200.202301161003/tools/bin/../lib/gcc/arm-none-eabi/10.3.1/../../../../arm-none-eabi/lib/thumb/v7e-m+fp/hard\libc_nano.a(lib_a-impure.o)
 .data.impure_data
                0x0000000000000000       0x60 c:/st/stm32cubeide_1.12.0/stm32cubeide/plugins/com.st.stm32cube.ide.mcu.externaltools.gnu-tools-for-stm32.10.3-2021.10.win32_1.0.200.202301161003/tools/bin/../lib/gcc/arm-none-eabi/10.3.1/../../../../arm-none-eabi/lib/thumb/v7e-m+fp/hard\libc_nano.a(lib_a-impure.o)
 .rodata._global_impure_ptr
                0x0000000000000000        0x4 c:/st/stm32cubeide_1.12.0/stm32cubeide/plugins/com.st.stm32cube.ide.mcu.externaltools.gnu-tools-for-stm32.10.3-2021.10.win32_1.0.200.202301161003/tools/bin/../lib/gcc/arm-none-eabi/10.3.1/../../../../arm-none-eabi/lib/thumb/v7e-m+fp/hard\libc_nano.a(lib_a-impure.o)
 .ARM.attributes
                0x0000000000000000       0x34 c:/st/stm32cubeide_1.12.0/stm32cubeide/plugins/com.st.stm32cube.ide.mcu.externaltools.gnu-tools-for-stm32.10.3-2021.10.win32_1.0.200.202301161003/tools/bin/../lib/gcc/arm-none-eabi/10.3.1/../../../../arm-none-eabi/lib/thumb/v7e-m+fp/hard\libc_nano.a(lib_a-impure.o)
 .text          0x0000000000000000        0x0 c:/st/stm32cubeide_1.12.0/stm32cubeide/plugins/com.st.stm32cube.ide.mcu.externaltools.gnu-tools-for-stm32.10.3-2021.10.win32_1.0.200.202301161003/tools/bin/../lib/gcc/arm-none-eabi/10.3.1/../../../../arm-none-eabi/lib/thumb/v7e-m+fp/hard\libc_nano.a(lib_a-init.o)
 .data          0x0000000000000000        0x0 c:/st/stm32cubeide_1.12.0/stm32cubeide/plugins/com.st.stm32cube.ide.mcu.externaltools.gnu-tools-for-stm32.10.3-2021.10.win32_1.0.200.202301161003/tools/bin/../lib/gcc/arm-none-eabi/10.3.1/../../../../arm-none-eabi/lib/thumb/v7e-m+fp/hard\libc_nano.a(lib_a-init.o)
 .bss           0x0000000000000000        0x0 c:/st/stm32cubeide_1.12.0/stm32cubeide/plugins/com.st.stm32cube.ide.mcu.externaltools.gnu-tools-for-stm32.10.3-2021.10.win32_1.0.200.202301161003/tools/bin/../lib/gcc/arm-none-eabi/10.3.1/../../../../arm-none-eabi/lib/thumb/v7e-m+fp/hard\libc_nano.a(lib_a-init.o)
 .text          0x0000000000000000        0x0 c:/st/stm32cubeide_1.12.0/stm32cubeide/plugins/com.st.stm32cube.ide.mcu.externaltools.gnu-tools-for-stm32.10.3-2021.10.win32_1.0.200.202301161003/tools/bin/../lib/gcc/arm-none-eabi/10.3.1/../../../../arm-none-eabi/lib/thumb/v7e-m+fp/hard\libc_nano.a(lib_a-memset.o)
 .data          0x0000000000000000        0x0 c:/st/stm32cubeide_1.12.0/stm32cubeide/plugins/com.st.stm32cube.ide.mcu.externaltools.gnu-tools-for-stm32.10.3-2021.10.win32_1.0.200.202301161003/tools/bin/../lib/gcc/arm-none-eabi/10.3.1/../../../../arm-none-eabi/lib/thumb/v7e-m+fp/hard\libc_nano.a(lib_a-memset.o)
 .bss           0x0000000000000000        0x0 c:/st/stm32cubeide_1.12.0/stm32cubeide/plugins/com.st.stm32cube.ide.mcu.externaltools.gnu-tools-for-stm32.10.3-2021.10.win32_1.0.200.202301161003/tools/bin/../lib/gcc/arm-none-eabi/10.3.1/../../../../arm-none-eabi/lib/thumb/v7e-m+fp/hard\libc_nano.a(lib_a-memset.o)
 .text.memset   0x0000000000000000       0x10 c:/st/stm32cubeide_1.12.0/stm32cubeide/plugins/com.st.stm32cube.ide.mcu.externaltools.gnu-tools-for-stm32.10.3-2021.10.win32_1.0.200.202301161003/tools/bin/../lib/gcc/arm-none-eabi/10.3.1/../../../../arm-none-eabi/lib/thumb/v7e-m+fp/hard\libc_nano.a(lib_a-memset.o)
 .debug_frame   0x0000000000000000       0x20 c:/st/stm32cubeide_1.12.0/stm32cubeide/plugins/com.st.stm32cube.ide.mcu.externaltools.gnu-tools-for-stm32.10.3-2021.10.win32_1.0.200.202301161003/tools/bin/../lib/gcc/arm-none-eabi/10.3.1/../../../../arm-none-eabi/lib/thumb/v7e-m+fp/hard\libc_nano.a(lib_a-memset.o)
 .ARM.attributes
                0x0000000000000000       0x34 c:/st/stm32cubeide_1.12.0/stm32cubeide/plugins/com.st.stm32cube.ide.mcu.externaltools.gnu-tools-for-stm32.10.3-2021.10.win32_1.0.200.202301161003/tools/bin/../lib/gcc/arm-none-eabi/10.3.1/../../../../arm-none-eabi/lib/thumb/v7e-m+fp/hard\libc_nano.a(lib_a-memset.o)
 .data          0x0000000000000000        0x0 c:/st/stm32cubeide_1.12.0/stm32cubeide/plugins/com.st.stm32cube.ide.mcu.externaltools.gnu-tools-for-stm32.10.3-2021.10.win32_1.0.200.202301161003/tools/bin/../lib/gcc/arm-none-eabi/10.3.1/thumb/v7e-m+fp/hard\libgcc.a(_arm_muldf3.o)
 .bss           0x0000000000000000        0x0 c:/st/stm32cubeide_1.12.0/stm32cubeide/plugins/com.st.stm32cube.ide.mcu.externaltools.gnu-tools-for-stm32.10.3-2021.10.win32_1.0.200.202301161003/tools/bin/../lib/gcc/arm-none-eabi/10.3.1/thumb/v7e-m+fp/hard\libgcc.a(_arm_muldf3.o)
 .data          0x0000000000000000        0x0 c:/st/stm32cubeide_1.12.0/stm32cubeide/plugins/com.st.stm32cube.ide.mcu.externaltools.gnu-tools-for-stm32.10.3-2021.10.win32_1.0.200.202301161003/tools/bin/../lib/gcc/arm-none-eabi/10.3.1/thumb/v7e-m+fp/hard\libgcc.a(_arm_addsubdf3.o)
 .bss           0x0000000000000000        0x0 c:/st/stm32cubeide_1.12.0/stm32cubeide/plugins/com.st.stm32cube.ide.mcu.externaltools.gnu-tools-for-stm32.10.3-2021.10.win32_1.0.200.202301161003/tools/bin/../lib/gcc/arm-none-eabi/10.3.1/thumb/v7e-m+fp/hard\libgcc.a(_arm_addsubdf3.o)
 .text          0x0000000000000000        0x0 c:/st/stm32cubeide_1.12.0/stm32cubeide/plugins/com.st.stm32cube.ide.mcu.externaltools.gnu-tools-for-stm32.10.3-2021.10.win32_1.0.200.202301161003/tools/bin/../lib/gcc/arm-none-eabi/10.3.1/thumb/v7e-m+fp/hard/crtend.o
 .data          0x0000000000000000        0x0 c:/st/stm32cubeide_1.12.0/stm32cubeide/plugins/com.st.stm32cube.ide.mcu.externaltools.gnu-tools-for-stm32.10.3-2021.10.win32_1.0.200.202301161003/tools/bin/../lib/gcc/arm-none-eabi/10.3.1/thumb/v7e-m+fp/hard/crtend.o
 .bss           0x0000000000000000        0x0 c:/st/stm32cubeide_1.12.0/stm32cubeide/plugins/com.st.stm32cube.ide.mcu.externaltools.gnu-tools-for-stm32.10.3-2021.10.win32_1.0.200.202301161003/tools/bin/../lib/gcc/arm-none-eabi/10.3.1/thumb/v7e-m+fp/hard/crtend.o
 .rodata        0x0000000000000000       0x24 c:/st/stm32cubeide_1.12.0/stm32cubeide/plugins/com.st.stm32cube.ide.mcu.externaltools.gnu-tools-for-stm32.10.3-2021.10.win32_1.0.200.202301161003/tools/bin/../lib/gcc/arm-none-eabi/10.3.1/thumb/v7e-m+fp/hard/crtend.o
 .eh_frame      0x0000000000000000        0x4 c:/st/stm32cubeide_1.12.0/stm32cubeide/plugins/com.st.stm32cube.ide.mcu.externaltools.gnu-tools-for-stm32.10.3-2021.10.win32_1.0.200.202301161003/tools/bin/../lib/gcc/arm-none-eabi/10.3.1/thumb/v7e-m+fp/hard/crtend.o
 .ARM.attributes
                0x0000000000000000       0x34 c:/st/stm32cubeide_1.12.0/stm32cubeide/plugins/com.st.stm32cube.ide.mcu.externaltools.gnu-tools-for-stm32.10.3-2021.10.win32_1.0.200.202301161003/tools/bin/../lib/gcc/arm-none-eabi/10.3.1/thumb/v7e-m+fp/hard/crtend.o
 .text          0x0000000000000000        0x0 c:/st/stm32cubeide_1.12.0/stm32cubeide/plugins/com.st.stm32cube.ide.mcu.externaltools.gnu-tools-for-stm32.10.3-2021.10.win32_1.0.200.202301161003/tools/bin/../lib/gcc/arm-none-eabi/10.3.1/thumb/v7e-m+fp/hard/crtn.o
 .data          0x0000000000000000        0x0 c:/st/stm32cubeide_1.12.0/stm32cubeide/plugins/com.st.stm32cube.ide.mcu.externaltools.gnu-tools-for-stm32.10.3-2021.10.win32_1.0.200.202301161003/tools/bin/../lib/gcc/arm-none-eabi/10.3.1/thumb/v7e-m+fp/hard/crtn.o
 .bss           0x0000000000000000        0x0 c:/st/stm32cubeide_1.12.0/stm32cubeide/plugins/com.st.stm32cube.ide.mcu.externaltools.gnu-tools-for-stm32.10.3-2021.10.win32_1.0.200.202301161003/tools/bin/../lib/gcc/arm-none-eabi/10.3.1/thumb/v7e-m+fp/hard/crtn.o

Memory Configuration

Name             Origin             Length             Attributes
RAM              0x0000000020000000 0x0000000000020000 xrw
FLASH            0x0000000008000000 0x0000000000080000 xr
*default*        0x0000000000000000 0xffffffffffffffff

Linker script and memory map

LOAD c:/st/stm32cubeide_1.12.0/stm32cubeide/plugins/com.st.stm32cube.ide.mcu.externaltools.gnu-tools-for-stm32.10.3-2021.10.win32_1.0.200.202301161003/tools/bin/../lib/gcc/arm-none-eabi/10.3.1/thumb/v7e-m+fp/hard/crti.o
LOAD c:/st/stm32cubeide_1.12.0/stm32cubeide/plugins/com.st.stm32cube.ide.mcu.externaltools.gnu-tools-for-stm32.10.3-2021.10.win32_1.0.200.202301161003/tools/bin/../lib/gcc/arm-none-eabi/10.3.1/thumb/v7e-m+fp/hard/crtbegin.o
LOAD c:/st/stm32cubeide_1.12.0/stm32cubeide/plugins/com.st.stm32cube.ide.mcu.externaltools.gnu-tools-for-stm32.10.3-2021.10.win32_1.0.200.202301161003/tools/bin/../lib/gcc/arm-none-eabi/10.3.1/../../../../arm-none-eabi/lib/thumb/v7e-m+fp/hard/crt0.o
LOAD ./Inc/adc.o
LOAD ./Src/adxl345.o
LOAD ./Src/exti.o
LOAD ./Src/i2c.o
LOAD ./Src/main.o
LOAD ./Src/spi.o
LOAD ./Src/syscalls.o
LOAD ./Src/sysmem.o
LOAD ./Src/systic.o
LOAD ./Src/tim.o
LOAD ./Src/uart.o
LOAD ./Startup/startup_stm32f411retx.o
START GROUP
LOAD c:/st/stm32cubeide_1.12.0/stm32cubeide/plugins/com.st.stm32cube.ide.mcu.externaltools.gnu-tools-for-stm32.10.3-2021.10.win32_1.0.200.202301161003/tools/bin/../lib/gcc/arm-none-eabi/10.3.1/../../../../arm-none-eabi/lib/thumb/v7e-m+fp/hard\libc_nano.a
LOAD c:/st/stm32cubeide_1.12.0/stm32cubeide/plugins/com.st.stm32cube.ide.mcu.externaltools.gnu-tools-for-stm32.10.3-2021.10.win32_1.0.200.202301161003/tools/bin/../lib/gcc/arm-none-eabi/10.3.1/../../../../arm-none-eabi/lib/thumb/v7e-m+fp/hard\libm.a
END GROUP
START GROUP
LOAD c:/st/stm32cubeide_1.12.0/stm32cubeide/plugins/com.st.stm32cube.ide.mcu.externaltools.gnu-tools-for-stm32.10.3-2021.10.win32_1.0.200.202301161003/tools/bin/../lib/gcc/arm-none-eabi/10.3.1/thumb/v7e-m+fp/hard\libgcc.a
LOAD c:/st/stm32cubeide_1.12.0/stm32cubeide/plugins/com.st.stm32cube.ide.mcu.externaltools.gnu-tools-for-stm32.10.3-2021.10.win32_1.0.200.202301161003/tools/bin/../lib/gcc/arm-none-eabi/10.3.1/../../../../arm-none-eabi/lib/thumb/v7e-m+fp/hard\libc_nano.a
END GROUP
START GROUP
LOAD c:/st/stm32cubeide_1.12.0/stm32cubeide/plugins/com.st.stm32cube.ide.mcu.externaltools.gnu-tools-for-stm32.10.3-2021.10.win32_1.0.200.202301161003/tools/bin/../lib/gcc/arm-none-eabi/10.3.1/thumb/v7e-m+fp/hard\libgcc.a
LOAD c:/st/stm32cubeide_1.12.0/stm32cubeide/plugins/com.st.stm32cube.ide.mcu.externaltools.gnu-tools-for-stm32.10.3-2021.10.win32_1.0.200.202301161003/tools/bin/../lib/gcc/arm-none-eabi/10.3.1/../../../../arm-none-eabi/lib/thumb/v7e-m+fp/hard\libc_nano.a
LOAD c:/st/stm32cubeide_1.12.0/stm32cubeide/plugins/com.st.stm32cube.ide.mcu.externaltools.gnu-tools-for-stm32.10.3-2021.10.win32_1.0.200.202301161003/tools/bin/../lib/gcc/arm-none-eabi/10.3.1/../../../../arm-none-eabi/lib/thumb/v7e-m+fp/hard\libnosys.a
END GROUP
START GROUP
LOAD c:/st/stm32cubeide_1.12.0/stm32cubeide/plugins/com.st.stm32cube.ide.mcu.externaltools.gnu-tools-for-stm32.10.3-2021.10.win32_1.0.200.202301161003/tools/bin/../lib/gcc/arm-none-eabi/10.3.1/thumb/v7e-m+fp/hard\libgcc.a
LOAD c:/st/stm32cubeide_1.12.0/stm32cubeide/plugins/com.st.stm32cube.ide.mcu.externaltools.gnu-tools-for-stm32.10.3-2021.10.win32_1.0.200.202301161003/tools/bin/../lib/gcc/arm-none-eabi/10.3.1/../../../../arm-none-eabi/lib/thumb/v7e-m+fp/hard\libc_nano.a
LOAD c:/st/stm32cubeide_1.12.0/stm32cubeide/plugins/com.st.stm32cube.ide.mcu.externaltools.gnu-tools-for-stm32.10.3-2021.10.win32_1.0.200.202301161003/tools/bin/../lib/gcc/arm-none-eabi/10.3.1/../../../../arm-none-eabi/lib/thumb/v7e-m+fp/hard\libnosys.a
END GROUP
LOAD c:/st/stm32cubeide_1.12.0/stm32cubeide/plugins/com.st.stm32cube.ide.mcu.externaltools.gnu-tools-for-stm32.10.3-2021.10.win32_1.0.200.202301161003/tools/bin/../lib/gcc/arm-none-eabi/10.3.1/thumb/v7e-m+fp/hard/crtend.o
LOAD c:/st/stm32cubeide_1.12.0/stm32cubeide/plugins/com.st.stm32cube.ide.mcu.externaltools.gnu-tools-for-stm32.10.3-2021.10.win32_1.0.200.202301161003/tools/bin/../lib/gcc/arm-none-eabi/10.3.1/thumb/v7e-m+fp/hard/crtn.o
                0x0000000020020000                _estack = (ORIGIN (RAM) + LENGTH (RAM))
                0x0000000000000200                _Min_Heap_Size = 0x200
                0x0000000000000400                _Min_Stack_Size = 0x400

.isr_vector     0x0000000008000000      0x198
                0x0000000008000000                . = ALIGN (0x4)
 *(.isr_vector)
 .isr_vector    0x0000000008000000      0x198 ./Startup/startup_stm32f411retx.o
                0x0000000008000000                g_pfnVectors
                0x0000000008000198                . = ALIGN (0x4)

.text           0x0000000008000198      0xb04
                0x0000000008000198                . = ALIGN (0x4)
 *(.text)
 .text          0x0000000008000198       0x40 c:/st/stm32cubeide_1.12.0/stm32cubeide/plugins/com.st.stm32cube.ide.mcu.externaltools.gnu-tools-for-stm32.10.3-2021.10.win32_1.0.200.202301161003/tools/bin/../lib/gcc/arm-none-eabi/10.3.1/thumb/v7e-m+fp/hard/crtbegin.o
 .text          0x00000000080001d8      0x254 c:/st/stm32cubeide_1.12.0/stm32cubeide/plugins/com.st.stm32cube.ide.mcu.externaltools.gnu-tools-for-stm32.10.3-2021.10.win32_1.0.200.202301161003/tools/bin/../lib/gcc/arm-none-eabi/10.3.1/thumb/v7e-m+fp/hard\libgcc.a(_arm_muldf3.o)
                0x00000000080001d8                __muldf3
                0x00000000080001d8                __aeabi_dmul
 .text          0x000000000800042c      0x378 c:/st/stm32cubeide_1.12.0/stm32cubeide/plugins/com.st.stm32cube.ide.mcu.externaltools.gnu-tools-for-stm32.10.3-2021.10.win32_1.0.200.202301161003/tools/bin/../lib/gcc/arm-none-eabi/10.3.1/thumb/v7e-m+fp/hard\libgcc.a(_arm_addsubdf3.o)
                0x000000000800042c                __aeabi_drsub
                0x0000000008000434                __aeabi_dsub
                0x0000000008000434                __subdf3
                0x0000000008000438                __aeabi_dadd
                0x0000000008000438                __adddf3
                0x00000000080006b0                __floatunsidf
                0x00000000080006b0                __aeabi_ui2d
                0x00000000080006d0                __floatsidf
                0x00000000080006d0                __aeabi_i2d
                0x00000000080006f4                __aeabi_f2d
                0x00000000080006f4                __extendsfdf2
                0x0000000008000738                __floatundidf
                0x0000000008000738                __aeabi_ul2d
                0x0000000008000748                __floatdidf
                0x0000000008000748                __aeabi_l2d
 *(.text*)
 .text.adxl_read
                0x00000000080007a4       0x42 ./Src/adxl345.o
                0x00000000080007a4                adxl_read
 .text.adxl_write
                0x00000000080007e6       0x3a ./Src/adxl345.o
                0x00000000080007e6                adxl_write
 .text.adxl_init
                0x0000000008000820       0x28 ./Src/adxl345.o
                0x0000000008000820                adxl_init
 .text.main     0x0000000008000848       0xdc ./Src/main.o
                0x0000000008000848                main
 .text.spi_gpio_init
                0x0000000008000924      0x114 ./Src/spi.o
                0x0000000008000924                spi_gpio_init
 .text.spi1_config
                0x0000000008000a38       0xb4 ./Src/spi.o
                0x0000000008000a38                spi1_config
 .text.spi1_transmit
                0x0000000008000aec       0x70 ./Src/spi.o
                0x0000000008000aec                spi1_transmit
 .text.spi1_receive
                0x0000000008000b5c       0x4c ./Src/spi.o
                0x0000000008000b5c                spi1_receive
 .text.cs_enable
                0x0000000008000ba8       0x20 ./Src/spi.o
                0x0000000008000ba8                cs_enable
 .text.cs_disable
                0x0000000008000bc8       0x20 ./Src/spi.o
                0x0000000008000bc8                cs_disable
 .text.Reset_Handler
                0x0000000008000be8       0x50 ./Startup/startup_stm32f411retx.o
                0x0000000008000be8                Reset_Handler
 .text.Default_Handler
                0x0000000008000c38        0x2 ./Startup/startup_stm32f411retx.o
                0x0000000008000c38                RTC_Alarm_IRQHandler
                0x0000000008000c38                EXTI2_IRQHandler
                0x0000000008000c38                DebugMon_Handler
                0x0000000008000c38                SPI4_IRQHandler
                0x0000000008000c38                TIM1_CC_IRQHandler
                0x0000000008000c38                DMA2_Stream5_IRQHandler
                0x0000000008000c38                HardFault_Handler
                0x0000000008000c38                DMA1_Stream5_IRQHandler
                0x0000000008000c38                SysTick_Handler
                0x0000000008000c38                PVD_IRQHandler
                0x0000000008000c38                SDIO_IRQHandler
                0x0000000008000c38                TAMP_STAMP_IRQHandler
                0x0000000008000c38                PendSV_Handler
                0x0000000008000c38                NMI_Handler
                0x0000000008000c38                EXTI3_IRQHandler
                0x0000000008000c38                TIM1_UP_TIM10_IRQHandler
                0x0000000008000c38                I2C3_ER_IRQHandler
                0x0000000008000c38                EXTI0_IRQHandler
                0x0000000008000c38                I2C2_EV_IRQHandler
                0x0000000008000c38                DMA1_Stream2_IRQHandler
                0x0000000008000c38                UsageFault_Handler
                0x0000000008000c38                DMA2_Stream2_IRQHandler
                0x0000000008000c38                SPI1_IRQHandler
                0x0000000008000c38                TIM1_BRK_TIM9_IRQHandler
                0x0000000008000c38                DMA2_Stream3_IRQHandler
                0x0000000008000c38                USART6_IRQHandler
                0x0000000008000c38                DMA2_Stream0_IRQHandler
                0x0000000008000c38                TIM4_IRQHandler
                0x0000000008000c38                I2C1_EV_IRQHandler
                0x0000000008000c38                DMA1_Stream6_IRQHandler
                0x0000000008000c38                DMA1_Stream1_IRQHandler
                0x0000000008000c38                TIM3_IRQHandler
                0x0000000008000c38                RCC_IRQHandler
                0x0000000008000c38                Default_Handler
                0x0000000008000c38                EXTI15_10_IRQHandler
                0x0000000008000c38                ADC_IRQHandler
                0x0000000008000c38                DMA1_Stream7_IRQHandler
                0x0000000008000c38                SPI5_IRQHandler
                0x0000000008000c38                TIM5_IRQHandler
                0x0000000008000c38                DMA2_Stream7_IRQHandler
                0x0000000008000c38                I2C3_EV_IRQHandler
                0x0000000008000c38                EXTI9_5_IRQHandler
                0x0000000008000c38                RTC_WKUP_IRQHandler
                0x0000000008000c38                SPI2_IRQHandler
                0x0000000008000c38                MemManage_Handler
                0x0000000008000c38                DMA1_Stream0_IRQHandler
                0x0000000008000c38                SVC_Handler
                0x0000000008000c38                EXTI4_IRQHandler
                0x0000000008000c38                WWDG_IRQHandler
                0x0000000008000c38                TIM2_IRQHandler
                0x0000000008000c38                OTG_FS_WKUP_IRQHandler
                0x0000000008000c38                TIM1_TRG_COM_TIM11_IRQHandler
                0x0000000008000c38                EXTI1_IRQHandler
                0x0000000008000c38                USART2_IRQHandler
                0x0000000008000c38                I2C2_ER_IRQHandler
                0x0000000008000c38                DMA2_Stream1_IRQHandler
                0x0000000008000c38                FLASH_IRQHandler
                0x0000000008000c38                DMA2_Stream4_IRQHandler
                0x0000000008000c38                BusFault_Handler
                0x0000000008000c38                USART1_IRQHandler
                0x0000000008000c38                OTG_FS_IRQHandler
                0x0000000008000c38                SPI3_IRQHandler
                0x0000000008000c38                DMA1_Stream4_IRQHandler
                0x0000000008000c38                I2C1_ER_IRQHandler
                0x0000000008000c38                DMA2_Stream6_IRQHandler
                0x0000000008000c38                DMA1_Stream3_IRQHandler
 *fill*         0x0000000008000c3a        0x2 
 .text.__libc_init_array
                0x0000000008000c3c       0x48 c:/st/stm32cubeide_1.12.0/stm32cubeide/plugins/com.st.stm32cube.ide.mcu.externaltools.gnu-tools-for-stm32.10.3-2021.10.win32_1.0.200.202301161003/tools/bin/../lib/gcc/arm-none-eabi/10.3.1/../../../../arm-none-eabi/lib/thumb/v7e-m+fp/hard\libc_nano.a(lib_a-init.o)
                0x0000000008000c3c                __libc_init_array
 *(.glue_7)
 .glue_7        0x0000000008000c84        0x0 linker stubs
 *(.glue_7t)
 .glue_7t       0x0000000008000c84        0x0 linker stubs
 *(.eh_frame)
 .eh_frame      0x0000000008000c84        0x0 c:/st/stm32cubeide_1.12.0/stm32cubeide/plugins/com.st.stm32cube.ide.mcu.externaltools.gnu-tools-for-stm32.10.3-2021.10.win32_1.0.200.202301161003/tools/bin/../lib/gcc/arm-none-eabi/10.3.1/thumb/v7e-m+fp/hard/crtbegin.o
 *(.init)
 .init          0x0000000008000c84        0x4 c:/st/stm32cubeide_1.12.0/stm32cubeide/plugins/com.st.stm32cube.ide.mcu.externaltools.gnu-tools-for-stm32.10.3-2021.10.win32_1.0.200.202301161003/tools/bin/../lib/gcc/arm-none-eabi/10.3.1/thumb/v7e-m+fp/hard/crti.o
                0x0000000008000c84                _init
 .init          0x0000000008000c88        0x8 c:/st/stm32cubeide_1.12.0/stm32cubeide/plugins/com.st.stm32cube.ide.mcu.externaltools.gnu-tools-for-stm32.10.3-2021.10.win32_1.0.200.202301161003/tools/bin/../lib/gcc/arm-none-eabi/10.3.1/thumb/v7e-m+fp/hard/crtn.o
 *(.fini)
 .fini          0x0000000008000c90        0x4 c:/st/stm32cubeide_1.12.0/stm32cubeide/plugins/com.st.stm32cube.ide.mcu.externaltools.gnu-tools-for-stm32.10.3-2021.10.win32_1.0.200.202301161003/tools/bin/../lib/gcc/arm-none-eabi/10.3.1/thumb/v7e-m+fp/hard/crti.o
                0x0000000008000c90                _fini
 .fini          0x0000000008000c94        0x8 c:/st/stm32cubeide_1.12.0/stm32cubeide/plugins/com.st.stm32cube.ide.mcu.externaltools.gnu-tools-for-stm32.10.3-2021.10.win32_1.0.200.202301161003/tools/bin/../lib/gcc/arm-none-eabi/10.3.1/thumb/v7e-m+fp/hard/crtn.o
                0x0000000008000c9c                . = ALIGN (0x4)
                0x0000000008000c9c                _etext = .

.vfp11_veneer   0x0000000008000c9c        0x0
 .vfp11_veneer  0x0000000008000c9c        0x0 linker stubs

.v4_bx          0x0000000008000c9c        0x0
 .v4_bx         0x0000000008000c9c        0x0 linker stubs

.iplt           0x0000000008000c9c        0x0
 .iplt          0x0000000008000c9c        0x0 c:/st/stm32cubeide_1.12.0/stm32cubeide/plugins/com.st.stm32cube.ide.mcu.externaltools.gnu-tools-for-stm32.10.3-2021.10.win32_1.0.200.202301161003/tools/bin/../lib/gcc/arm-none-eabi/10.3.1/thumb/v7e-m+fp/hard/crtbegin.o

.rel.dyn        0x0000000008000c9c        0x0
 .rel.iplt      0x0000000008000c9c        0x0 c:/st/stm32cubeide_1.12.0/stm32cubeide/plugins/com.st.stm32cube.ide.mcu.externaltools.gnu-tools-for-stm32.10.3-2021.10.win32_1.0.200.202301161003/tools/bin/../lib/gcc/arm-none-eabi/10.3.1/thumb/v7e-m+fp/hard/crtbegin.o

.rodata         0x0000000008000c9c        0x0
                0x0000000008000c9c                . = ALIGN (0x4)
 *(.rodata)
 *(.rodata*)
                0x0000000008000c9c                . = ALIGN (0x4)

.ARM.extab      0x0000000008000c9c        0x0
                0x0000000008000c9c                . = ALIGN (0x4)
 *(.ARM.extab* .gnu.linkonce.armextab.*)
                0x0000000008000c9c                . = ALIGN (0x4)

.ARM            0x0000000008000c9c        0x0
                0x0000000008000c9c                . = ALIGN (0x4)
                0x0000000008000c9c                __exidx_start = .
 *(.ARM.exidx*)
                0x0000000008000c9c                __exidx_end = .
                0x0000000008000c9c                . = ALIGN (0x4)

.preinit_array  0x0000000008000c9c        0x0
                0x0000000008000c9c                . = ALIGN (0x4)
                0x0000000008000c9c                PROVIDE (__preinit_array_start = .)
 *(.preinit_array*)
                0x0000000008000c9c                PROVIDE (__preinit_array_end = .)
                0x0000000008000c9c                . = ALIGN (0x4)

.init_array     0x0000000008000c9c        0x4
                0x0000000008000c9c                . = ALIGN (0x4)
                0x0000000008000c9c                PROVIDE (__init_array_start = .)
 *(SORT_BY_NAME(.init_array.*))
 *(.init_array*)
 .init_array    0x0000000008000c9c        0x4 c:/st/stm32cubeide_1.12.0/stm32cubeide/plugins/com.st.stm32cube.ide.mcu.externaltools.gnu-tools-for-stm32.10.3-2021.10.win32_1.0.200.202301161003/tools/bin/../lib/gcc/arm-none-eabi/10.3.1/thumb/v7e-m+fp/hard/crtbegin.o
                0x0000000008000ca0                PROVIDE (__init_array_end = .)
                0x0000000008000ca0                . = ALIGN (0x4)

.fini_array     0x0000000008000ca0        0x4
                0x0000000008000ca0                . = ALIGN (0x4)
                [!provide]                        PROVIDE (__fini_array_start = .)
 *(SORT_BY_NAME(.fini_array.*))
 *(.fini_array*)
 .fini_array    0x0000000008000ca0        0x4 c:/st/stm32cubeide_1.12.0/stm32cubeide/plugins/com.st.stm32cube.ide.mcu.externaltools.gnu-tools-for-stm32.10.3-2021.10.win32_1.0.200.202301161003/tools/bin/../lib/gcc/arm-none-eabi/10.3.1/thumb/v7e-m+fp/hard/crtbegin.o
                [!provide]                        PROVIDE (__fini_array_end = .)
                0x0000000008000ca4                . = ALIGN (0x4)
                0x0000000008000ca4                _sidata = LOADADDR (.data)

.data           0x0000000020000000        0x0 load address 0x0000000008000ca4
                0x0000000020000000                . = ALIGN (0x4)
                0x0000000020000000                _sdata = .
 *(.data)
 *(.data*)
 *(.RamFunc)
 *(.RamFunc*)
                0x0000000020000000                . = ALIGN (0x4)
                0x0000000020000000                _edata = .

.igot.plt       0x0000000020000000        0x0 load address 0x0000000008000ca4
 .igot.plt      0x0000000020000000        0x0 c:/st/stm32cubeide_1.12.0/stm32cubeide/plugins/com.st.stm32cube.ide.mcu.externaltools.gnu-tools-for-stm32.10.3-2021.10.win32_1.0.200.202301161003/tools/bin/../lib/gcc/arm-none-eabi/10.3.1/thumb/v7e-m+fp/hard/crtbegin.o
                0x0000000020000000                . = ALIGN (0x4)

.bss            0x0000000020000000       0x48 load address 0x0000000008000ca4
                0x0000000020000000                _sbss = .
                0x0000000020000000                __bss_start__ = _sbss
 *(.bss)
 .bss           0x0000000020000000       0x1c c:/st/stm32cubeide_1.12.0/stm32cubeide/plugins/com.st.stm32cube.ide.mcu.externaltools.gnu-tools-for-stm32.10.3-2021.10.win32_1.0.200.202301161003/tools/bin/../lib/gcc/arm-none-eabi/10.3.1/thumb/v7e-m+fp/hard/crtbegin.o
 *(.bss*)
 .bss.x         0x000000002000001c        0x2 ./Src/main.o
                0x000000002000001c                x
 .bss.y         0x000000002000001e        0x2 ./Src/main.o
                0x000000002000001e                y
 .bss.z         0x0000000020000020        0x2 ./Src/main.o
                0x0000000020000020                z
 *fill*         0x0000000020000022        0x6 
 .bss.xg        0x0000000020000028        0x8 ./Src/main.o
                0x0000000020000028                xg
 .bss.yg        0x0000000020000030        0x8 ./Src/main.o
                0x0000000020000030                yg
 .bss.zg        0x0000000020000038        0x8 ./Src/main.o
                0x0000000020000038                zg
 .bss.data_rec  0x0000000020000040        0x6 ./Src/main.o
                0x0000000020000040                data_rec
 *(COMMON)
                0x0000000020000048                . = ALIGN (0x4)
 *fill*         0x0000000020000046        0x2 
                0x0000000020000048                _ebss = .
                0x0000000020000048                __bss_end__ = _ebss

._user_heap_stack
                0x0000000020000048      0x600 load address 0x0000000008000ca4
                0x0000000020000048                . = ALIGN (0x8)
                [!provide]                        PROVIDE (end = .)
                0x0000000020000048                PROVIDE (_end = .)
                0x0000000020000248                . = (. + _Min_Heap_Size)
 *fill*         0x0000000020000048      0x200 
                0x0000000020000648                . = (. + _Min_Stack_Size)
 *fill*         0x0000000020000248      0x400 
                0x0000000020000648                . = ALIGN (0x8)

/DISCARD/
 libc.a(*)
 libm.a(*)
 libgcc.a(*)

.ARM.attributes
                0x0000000000000000       0x30
 *(.ARM.attributes)
 .ARM.attributes
                0x0000000000000000       0x1e c:/st/stm32cubeide_1.12.0/stm32cubeide/plugins/com.st.stm32cube.ide.mcu.externaltools.gnu-tools-for-stm32.10.3-2021.10.win32_1.0.200.202301161003/tools/bin/../lib/gcc/arm-none-eabi/10.3.1/thumb/v7e-m+fp/hard/crti.o
 .ARM.attributes
                0x000000000000001e       0x34 c:/st/stm32cubeide_1.12.0/stm32cubeide/plugins/com.st.stm32cube.ide.mcu.externaltools.gnu-tools-for-stm32.10.3-2021.10.win32_1.0.200.202301161003/tools/bin/../lib/gcc/arm-none-eabi/10.3.1/thumb/v7e-m+fp/hard/crtbegin.o
 .ARM.attributes
                0x0000000000000052       0x34 ./Src/adxl345.o
 .ARM.attributes
                0x0000000000000086       0x34 ./Src/main.o
 .ARM.attributes
                0x00000000000000ba       0x34 ./Src/spi.o
 .ARM.attributes
                0x00000000000000ee       0x21 ./Startup/startup_stm32f411retx.o
 .ARM.attributes
                0x000000000000010f       0x34 c:/st/stm32cubeide_1.12.0/stm32cubeide/plugins/com.st.stm32cube.ide.mcu.externaltools.gnu-tools-for-stm32.10.3-2021.10.win32_1.0.200.202301161003/tools/bin/../lib/gcc/arm-none-eabi/10.3.1/../../../../arm-none-eabi/lib/thumb/v7e-m+fp/hard\libc_nano.a(lib_a-init.o)
 .ARM.attributes
                0x0000000000000143       0x1e c:/st/stm32cubeide_1.12.0/stm32cubeide/plugins/com.st.stm32cube.ide.mcu.externaltools.gnu-tools-for-stm32.10.3-2021.10.win32_1.0.200.202301161003/tools/bin/../lib/gcc/arm-none-eabi/10.3.1/thumb/v7e-m+fp/hard\libgcc.a(_arm_muldf3.o)
 .ARM.attributes
                0x0000000000000161       0x1e c:/st/stm32cubeide_1.12.0/stm32cubeide/plugins/com.st.stm32cube.ide.mcu.externaltools.gnu-tools-for-stm32.10.3-2021.10.win32_1.0.200.202301161003/tools/bin/../lib/gcc/arm-none-eabi/10.3.1/thumb/v7e-m+fp/hard\libgcc.a(_arm_addsubdf3.o)
 .ARM.attributes
                0x000000000000017f       0x1e c:/st/stm32cubeide_1.12.0/stm32cubeide/plugins/com.st.stm32cube.ide.mcu.externaltools.gnu-tools-for-stm32.10.3-2021.10.win32_1.0.200.202301161003/tools/bin/../lib/gcc/arm-none-eabi/10.3.1/thumb/v7e-m+fp/hard/crtn.o
OUTPUT(22_SPI_adxl346.elf elf32-littlearm)
LOAD linker stubs
LOAD c:/st/stm32cubeide_1.12.0/stm32cubeide/plugins/com.st.stm32cube.ide.mcu.externaltools.gnu-tools-for-stm32.10.3-2021.10.win32_1.0.200.202301161003/tools/bin/../lib/gcc/arm-none-eabi/10.3.1/../../../../arm-none-eabi/lib/thumb/v7e-m+fp/hard\libc.a
LOAD c:/st/stm32cubeide_1.12.0/stm32cubeide/plugins/com.st.stm32cube.ide.mcu.externaltools.gnu-tools-for-stm32.10.3-2021.10.win32_1.0.200.202301161003/tools/bin/../lib/gcc/arm-none-eabi/10.3.1/../../../../arm-none-eabi/lib/thumb/v7e-m+fp/hard\libm.a
LOAD c:/st/stm32cubeide_1.12.0/stm32cubeide/plugins/com.st.stm32cube.ide.mcu.externaltools.gnu-tools-for-stm32.10.3-2021.10.win32_1.0.200.202301161003/tools/bin/../lib/gcc/arm-none-eabi/10.3.1/thumb/v7e-m+fp/hard\libgcc.a

.debug_info     0x0000000000000000      0x7d1
 .debug_info    0x0000000000000000      0x18b ./Src/adxl345.o
 .debug_info    0x000000000000018b      0x175 ./Src/main.o
 .debug_info    0x0000000000000300      0x4af ./Src/spi.o
 .debug_info    0x00000000000007af       0x22 ./Startup/startup_stm32f411retx.o

.debug_abbrev   0x0000000000000000      0x2d9
 .debug_abbrev  0x0000000000000000       0xf8 ./Src/adxl345.o
 .debug_abbrev  0x00000000000000f8       0xc8 ./Src/main.o
 .debug_abbrev  0x00000000000001c0      0x107 ./Src/spi.o
 .debug_abbrev  0x00000000000002c7       0x12 ./Startup/startup_stm32f411retx.o

.debug_aranges  0x0000000000000000       0xc0
 .debug_aranges
                0x0000000000000000       0x30 ./Src/adxl345.o
 .debug_aranges
                0x0000000000000030       0x20 ./Src/main.o
 .debug_aranges
                0x0000000000000050       0x48 ./Src/spi.o
 .debug_aranges
                0x0000000000000098       0x28 ./Startup/startup_stm32f411retx.o

.debug_ranges   0x0000000000000000       0x88
 .debug_ranges  0x0000000000000000       0x20 ./Src/adxl345.o
 .debug_ranges  0x0000000000000020       0x10 ./Src/main.o
 .debug_ranges  0x0000000000000030       0x38 ./Src/spi.o
 .debug_ranges  0x0000000000000068       0x20 ./Startup/startup_stm32f411retx.o

.debug_macro    0x0000000000000000     0x1184
 .debug_macro   0x0000000000000000       0xf3 ./Src/adxl345.o
 .debug_macro   0x00000000000000f3       0x3a ./Src/adxl345.o
 .debug_macro   0x000000000000012d      0x24e ./Src/main.o
 .debug_macro   0x000000000000037b       0x4c ./Src/main.o
 .debug_macro   0x00000000000003c7       0x1e ./Src/main.o
 .debug_macro   0x00000000000003e5       0x94 ./Src/main.o
 .debug_macro   0x0000000000000479       0x3c ./Src/main.o
 .debug_macro   0x00000000000004b5       0x34 ./Src/main.o
 .debug_macro   0x00000000000004e9       0x16 ./Src/main.o
 .debug_macro   0x00000000000004ff       0x57 ./Src/main.o
 .debug_macro   0x0000000000000556       0x97 ./Src/main.o
 .debug_macro   0x00000000000005ed      0x341 ./Src/main.o
 .debug_macro   0x000000000000092e       0xfd ./Src/main.o
 .debug_macro   0x0000000000000a2b       0x10 ./Src/main.o
 .debug_macro   0x0000000000000a3b       0x16 ./Src/main.o
 .debug_macro   0x0000000000000a51       0x43 ./Src/main.o
 .debug_macro   0x0000000000000a94       0x34 ./Src/main.o
 .debug_macro   0x0000000000000ac8       0x10 ./Src/main.o
 .debug_macro   0x0000000000000ad8       0x58 ./Src/main.o
 .debug_macro   0x0000000000000b30       0x71 ./Src/main.o
 .debug_macro   0x0000000000000ba1       0x1c ./Src/main.o
 .debug_macro   0x0000000000000bbd      0x12a ./Src/main.o
 .debug_macro   0x0000000000000ce7       0x10 ./Src/main.o
 .debug_macro   0x0000000000000cf7       0x1c ./Src/main.o
 .debug_macro   0x0000000000000d13       0x52 ./Src/main.o
 .debug_macro   0x0000000000000d65       0x22 ./Src/main.o
 .debug_macro   0x0000000000000d87       0x10 ./Src/main.o
 .debug_macro   0x0000000000000d97       0x52 ./Src/main.o
 .debug_macro   0x0000000000000de9       0xd5 ./Src/main.o
 .debug_macro   0x0000000000000ebe       0x1c ./Src/main.o
 .debug_macro   0x0000000000000eda       0x3d ./Src/main.o
 .debug_macro   0x0000000000000f17       0x16 ./Src/main.o
 .debug_macro   0x0000000000000f2d      0x145 ./Src/main.o
 .debug_macro   0x0000000000001072       0x1c ./Src/main.o
 .debug_macro   0x000000000000108e       0xf6 ./Src/spi.o

.debug_line     0x0000000000000000     0x13a1
 .debug_line    0x0000000000000000      0x547 ./Src/adxl345.o
 .debug_line    0x0000000000000547      0x7b0 ./Src/main.o
 .debug_line    0x0000000000000cf7      0x626 ./Src/spi.o
 .debug_line    0x000000000000131d       0x84 ./Startup/startup_stm32f411retx.o

.debug_str      0x0000000000000000    0x53809
 .debug_str     0x0000000000000000    0x4f538 ./Src/adxl345.o
                                      0x4f6ae (size before relaxing)
 .debug_str     0x000000000004f538     0x407d ./Src/main.o
                                      0x53701 (size before relaxing)
 .debug_str     0x00000000000535b5      0x1c6 ./Src/spi.o
                                      0x4f778 (size before relaxing)
 .debug_str     0x000000000005377b       0x8e ./Startup/startup_stm32f411retx.o

.comment        0x0000000000000000       0x50
 .comment       0x0000000000000000       0x50 ./Src/adxl345.o
                                         0x51 (size before relaxing)
 .comment       0x0000000000000050       0x51 ./Src/main.o
 .comment       0x0000000000000050       0x51 ./Src/spi.o

.debug_frame    0x0000000000000000      0x288
 .debug_frame   0x0000000000000000       0x74 ./Src/adxl345.o
 .debug_frame   0x0000000000000074       0x2c ./Src/main.o
 .debug_frame   0x00000000000000a0       0xe0 ./Src/spi.o
 .debug_frame   0x0000000000000180       0x2c c:/st/stm32cubeide_1.12.0/stm32cubeide/plugins/com.st.stm32cube.ide.mcu.externaltools.gnu-tools-for-stm32.10.3-2021.10.win32_1.0.200.202301161003/tools/bin/../lib/gcc/arm-none-eabi/10.3.1/../../../../arm-none-eabi/lib/thumb/v7e-m+fp/hard\libc_nano.a(lib_a-init.o)
 .debug_frame   0x00000000000001ac       0x30 c:/st/stm32cubeide_1.12.0/stm32cubeide/plugins/com.st.stm32cube.ide.mcu.externaltools.gnu-tools-for-stm32.10.3-2021.10.win32_1.0.200.202301161003/tools/bin/../lib/gcc/arm-none-eabi/10.3.1/thumb/v7e-m+fp/hard\libgcc.a(_arm_muldf3.o)
 .debug_frame   0x00000000000001dc       0xac c:/st/stm32cubeide_1.12.0/stm32cubeide/plugins/com.st.stm32cube.ide.mcu.externaltools.gnu-tools-for-stm32.10.3-2021.10.win32_1.0.200.202301161003/tools/bin/../lib/gcc/arm-none-eabi/10.3.1/thumb/v7e-m+fp/hard\libgcc.a(_arm_addsubdf3.o)
